Archive member included to satisfy reference by file (symbol)

.\CortexM0\ARM_GCC_541\Debug\oxygen.a(UART.o)
                              .\CortexM0\ARM_GCC_541\Debug\main.o (UART_Start)
.\CortexM0\ARM_GCC_541\Debug\oxygen.a(UART_UART.o)
                              .\CortexM0\ARM_GCC_541\Debug\oxygen.a(UART.o) (UART_UartInit)
.\CortexM0\ARM_GCC_541\Debug\oxygen.a(I2C.o)
                              .\CortexM0\ARM_GCC_541\Debug\main.o (I2C_Start)
.\CortexM0\ARM_GCC_541\Debug\oxygen.a(I2C_I2C.o)
                              .\CortexM0\ARM_GCC_541\Debug\oxygen.a(I2C.o) (I2C_I2CInit)
.\CortexM0\ARM_GCC_541\Debug\oxygen.a(I2C_I2C_MASTER.o)
                              .\CortexM0\ARM_GCC_541\Debug\libraryCopied.o (I2C_I2CMasterSendStart)
.\CortexM0\ARM_GCC_541\Debug\oxygen.a(CyLib.o)
                              .\CortexM0\ARM_GCC_541\Debug\cyfitter_cfg.o (CyIntEnable)
.\CortexM0\ARM_GCC_541\Debug\oxygen.a(CyLFClk.o)
                              .\CortexM0\ARM_GCC_541\Debug\oxygen.a(CyLib.o) (CySysClkWcoEnabled)
.\CortexM0\ARM_GCC_541\Debug\oxygen.a(CyBootAsmGnu.o)
                              .\CortexM0\ARM_GCC_541\Debug\oxygen.a(CyLib.o) (CyDelayCycles)
.\CortexM0\ARM_GCC_541\Debug\oxygen.a(UART_SPI_UART.o)
                              .\CortexM0\ARM_GCC_541\Debug\oxygen.a(UART_UART.o) (UART_SpiUartReadRxData)
.\CortexM0\ARM_GCC_541\Debug\oxygen.a(I2C_I2C_INT.o)
                              .\CortexM0\ARM_GCC_541\Debug\oxygen.a(I2C_I2C.o) (I2C_I2C_ISR)
.\CortexM0\ARM_GCC_541\Debug\oxygen.a(CyFlash.o)
                              .\CortexM0\ARM_GCC_541\Debug\oxygen.a(CyLib.o) (CySysFlashSetWaitCycles)
c:/users/shahnaz/desktop/psoc creator/4.4/psoc creator/import/gnu/arm/5.4.1/bin/../lib/gcc/arm-none-eabi/5.4.1/armv6-m\libgcc.a(_udivsi3.o)
                              .\CortexM0\ARM_GCC_541\Debug\oxygen.a(CyLib.o) (__aeabi_uidiv)
c:/users/shahnaz/desktop/psoc creator/4.4/psoc creator/import/gnu/arm/5.4.1/bin/../lib/gcc/arm-none-eabi/5.4.1/armv6-m\libgcc.a(_divsi3.o)
                              .\CortexM0\ARM_GCC_541\Debug\oxygen.a(CyLFClk.o) (__aeabi_idiv)
c:/users/shahnaz/desktop/psoc creator/4.4/psoc creator/import/gnu/arm/5.4.1/bin/../lib/gcc/arm-none-eabi/5.4.1/armv6-m\libgcc.a(_dvmd_tls.o)
                              c:/users/shahnaz/desktop/psoc creator/4.4/psoc creator/import/gnu/arm/5.4.1/bin/../lib/gcc/arm-none-eabi/5.4.1/armv6-m\libgcc.a(_udivsi3.o) (__aeabi_idiv0)
c:/users/shahnaz/desktop/psoc creator/4.4/psoc creator/import/gnu/arm/5.4.1/bin/../lib/gcc/arm-none-eabi/5.4.1/armv6-m\libgcc.a(_arm_cmpdf2.o)
                              .\CortexM0\ARM_GCC_541\Debug\libraryCopied.o (__aeabi_dcmplt)
c:/users/shahnaz/desktop/psoc creator/4.4/psoc creator/import/gnu/arm/5.4.1/bin/../lib/gcc/arm-none-eabi/5.4.1/armv6-m\libgcc.a(_fixunssfsi.o)
                              .\CortexM0\ARM_GCC_541\Debug\libraryCopied.o (__aeabi_f2uiz)
c:/users/shahnaz/desktop/psoc creator/4.4/psoc creator/import/gnu/arm/5.4.1/bin/../lib/gcc/arm-none-eabi/5.4.1/armv6-m\libgcc.a(addsf3.o)
                              .\CortexM0\ARM_GCC_541\Debug\libraryCopied.o (__aeabi_fadd)
c:/users/shahnaz/desktop/psoc creator/4.4/psoc creator/import/gnu/arm/5.4.1/bin/../lib/gcc/arm-none-eabi/5.4.1/armv6-m\libgcc.a(divsf3.o)
                              .\CortexM0\ARM_GCC_541\Debug\libraryCopied.o (__aeabi_fdiv)
c:/users/shahnaz/desktop/psoc creator/4.4/psoc creator/import/gnu/arm/5.4.1/bin/../lib/gcc/arm-none-eabi/5.4.1/armv6-m\libgcc.a(mulsf3.o)
                              .\CortexM0\ARM_GCC_541\Debug\libraryCopied.o (__aeabi_fmul)
c:/users/shahnaz/desktop/psoc creator/4.4/psoc creator/import/gnu/arm/5.4.1/bin/../lib/gcc/arm-none-eabi/5.4.1/armv6-m\libgcc.a(subsf3.o)
                              c:/users/shahnaz/desktop/psoc creator/4.4/psoc creator/import/gnu/arm/5.4.1/bin/../lib/gcc/arm-none-eabi/5.4.1/armv6-m\libgcc.a(_fixunssfsi.o) (__aeabi_fsub)
c:/users/shahnaz/desktop/psoc creator/4.4/psoc creator/import/gnu/arm/5.4.1/bin/../lib/gcc/arm-none-eabi/5.4.1/armv6-m\libgcc.a(fixsfsi.o)
                              c:/users/shahnaz/desktop/psoc creator/4.4/psoc creator/import/gnu/arm/5.4.1/bin/../lib/gcc/arm-none-eabi/5.4.1/armv6-m\libgcc.a(_fixunssfsi.o) (__aeabi_f2iz)
c:/users/shahnaz/desktop/psoc creator/4.4/psoc creator/import/gnu/arm/5.4.1/bin/../lib/gcc/arm-none-eabi/5.4.1/armv6-m\libgcc.a(floatunsisf.o)
                              .\CortexM0\ARM_GCC_541\Debug\libraryCopied.o (__aeabi_ui2f)
c:/users/shahnaz/desktop/psoc creator/4.4/psoc creator/import/gnu/arm/5.4.1/bin/../lib/gcc/arm-none-eabi/5.4.1/armv6-m\libgcc.a(eqdf2.o)
                              c:/users/shahnaz/desktop/psoc creator/4.4/psoc creator/import/gnu/arm/5.4.1/bin/../lib/gcc/arm-none-eabi/5.4.1/armv6-m\libgcc.a(_arm_cmpdf2.o) (__eqdf2)
c:/users/shahnaz/desktop/psoc creator/4.4/psoc creator/import/gnu/arm/5.4.1/bin/../lib/gcc/arm-none-eabi/5.4.1/armv6-m\libgcc.a(gedf2.o)
[...]
Memory Configuration

Name             Origin             Length             Attributes
rom              0x00000000         0x00020000         xr
ram              0x20000000         0x00004000         xrw
*default*        0x00000000         0xffffffff

Linker script and memory map

LOAD c:/users/shahnaz/desktop/psoc creator/4.4/psoc creator/import/gnu/arm/5.4.1/bin/../lib/gcc/arm-none-eabi/5.4.1/armv6-m/crti.o
LOAD c:/users/shahnaz/desktop/psoc creator/4.4/psoc creator/import/gnu/arm/5.4.1/bin/../lib/gcc/arm-none-eabi/5.4.1/armv6-m/crtbegin.o
LOAD c:/users/shahnaz/desktop/psoc creator/4.4/psoc creator/import/gnu/arm/5.4.1/bin/../lib/gcc/arm-none-eabi/5.4.1/../../../../arm-none-eabi/lib/armv6-m/crt0.o
START GROUP
LOAD .\CortexM0\ARM_GCC_541\Debug\main.o
LOAD .\CortexM0\ARM_GCC_541\Debug\libraryCopied.o
LOAD .\CortexM0\ARM_GCC_541\Debug\cyfitter_cfg.o
LOAD .\CortexM0\ARM_GCC_541\Debug\cymetadata.o
LOAD .\CortexM0\ARM_GCC_541\Debug\Cm0Start.o
LOAD .\CortexM0\ARM_GCC_541\Debug\oxygen.a
LOAD C:\Users\shahnaz\Desktop\PSoC Creator\4.4\PSoC Creator\psoc\content\CyComponentLibrary\CyComponentLibrary.cylib\CapSense_CSD_P4_v2_60\PSoC4\Library\CapsenseP4Library_GCC.a
END GROUP
START GROUP
LOAD c:/users/shahnaz/desktop/psoc creator/4.4/psoc creator/import/gnu/arm/5.4.1/bin/../lib/gcc/arm-none-eabi/5.4.1/armv6-m\libgcc.a
LOAD c:/users/shahnaz/desktop/psoc creator/4.4/psoc creator/import/gnu/arm/5.4.1/bin/../lib/gcc/arm-none-eabi/5.4.1/../../../../arm-none-eabi/lib/armv6-m\libg_nano.a
LOAD c:/users/shahnaz/desktop/psoc creator/4.4/psoc creator/import/gnu/arm/5.4.1/bin/../lib/gcc/arm-none-eabi/5.4.1/../../../../arm-none-eabi/lib/armv6-m\libc_nano.a
END GROUP
START GROUP
LOAD c:/users/shahnaz/desktop/psoc creator/4.4/psoc creator/import/gnu/arm/5.4.1/bin/../lib/gcc/arm-none-eabi/5.4.1/armv6-m\libgcc.a
LOAD c:/users/shahnaz/desktop/psoc creator/4.4/psoc creator/import/gnu/arm/5.4.1/bin/../lib/gcc/arm-none-eabi/5.4.1/../../../../arm-none-eabi/lib/armv6-m\libc_nano.a
END GROUP
LOAD c:/users/shahnaz/desktop/psoc creator/4.4/psoc creator/import/gnu/arm/5.4.1/bin/../lib/gcc/arm-none-eabi/5.4.1/armv6-m/crtend.o
LOAD c:/users/shahnaz/desktop/psoc creator/4.4/psoc creator/import/gnu/arm/5.4.1/bin/../lib/gcc/arm-none-eabi/5.4.1/armv6-m/crtn.o
START GROUP
LOAD c:/users/shahnaz/desktop/psoc creator/4.4/psoc creator/import/gnu/arm/5.4.1/bin/../lib/gcc/arm-none-eabi/5.4.1/armv6-m\libgcc.a
LOAD c:/users/shahnaz/desktop/psoc creator/4.4/psoc creator/import/gnu/arm/5.4.1/bin/../lib/gcc/arm-none-eabi/5.4.1/../../../../arm-none-eabi/lib/armv6-m\libc.a
LOAD c:/users/shahnaz/desktop/psoc creator/4.4/psoc creator/import/gnu/arm/5.4.1/bin/../lib/gcc/arm-none-eabi/5.4.1/../../../../arm-none-eabi/lib/armv6-m\libnosys.a
END GROUP
                0x00000000                CY_APPL_ORIGIN = 0x0
                0x00000080                CY_FLASH_ROW_SIZE = 0x80
                0x00000001                CY_APPL_NUM = 0x1
                0x00000001                CY_APPL_MAX = 0x1
                0x00000040                CY_METADATA_SIZE = 0x40
                0x00000000                CY_APPL_LOADABLE = 0x0
                0x00000000                CY_CHECKSUM_EXCLUDE_SIZE = ALIGN (0x0, CY_FLASH_ROW_SIZE)
                0x00000000                CY_APP_FOR_STACK_AND_COPIER = 0x0
                [!provide]                PROVIDE (__cy_heap_start, _end)
                0x00000001                PROVIDE (__cy_region_num, ((__cy_regions_end - __cy_regions) / 0x10))
                0x20004000                PROVIDE (__cy_stack, (ORIGIN (ram) + LENGTH (ram)))
                [!provide]                PROVIDE (__cy_heap_end, (__cy_stack - 0x800))

.cybootloader   0x00000000        0x0
 *(.cybootloader)
                0x00000000                appl1_start = CY_APPL_ORIGIN?CY_APPL_ORIGIN:ALIGN (CY_FLASH_ROW_SIZE)
                0x0000ff80                appl2_start = (appl1_start + ALIGN ((((LENGTH (rom) - appl1_start) - (0x2 * CY_FLASH_ROW_SIZE)) / 0x2), CY_FLASH_ROW_SIZE))
                0x00000000                appl_start = (CY_APPL_NUM == 0x1)?appl1_start:appl2_start
                0x00000001                cy_project_type_bootloader = (appl_start == 0x0)?0x1:0x0
                0x00000000                cy_project_type_app_for_stack_and_copier = (CY_APP_FOR_STACK_AND_COPIER == 0x1)?0x1:0x0

.text           0x00000000     0x2bbe
 CREATE_OBJECT_SYMBOLS
                0x00000000                PROVIDE (__cy_interrupt_vector, RomVectors)
 *(.romvectors)
 .romvectors    0x00000000       0x10 .\CortexM0\ARM_GCC_541\Debug\Cm0Start.o
                0x00000000                RomVectors
                0x00000001                ASSERT ((. != __cy_interrupt_vector), No interrupt vector)
                0x00000001                ASSERT (CY_APPL_ORIGIN?(SIZEOF (.cybootloader) <= CY_APPL_ORIGIN):0x1, Wrong image location)
                0x00000010                PROVIDE (__cy_reset, Reset)
 *(.text.Reset)
 .text.Reset    0x00000010        0x8 .\CortexM0\ARM_GCC_541\Debug\Cm0Start.o
                0x00000010                Reset
                0x00000001                ASSERT ((. != __cy_reset), No reset code)
 *(.psocinit)
 .psocinit      0x00000018      0x32c .\CortexM0\ARM_GCC_541\Debug\cyfitter_cfg.o
                0x00000158                cyfitter_cfg
                0x00000344                . = MAX (., 0x100)
 *(.text .text.* .gnu.linkonce.t.*)
 .text          0x00000344       0x60 c:/users/shahnaz/desktop/psoc creator/4.4/psoc creator/import/gnu/arm/5.4.1/bin/../lib/gcc/arm-none-eabi/5.4.1/armv6-m/crtbegin.o
 .text.main     0x000003a4       0x74 .\CortexM0\ARM_GCC_541\Debug\main.o
                0x000003a4                main
 .text.OxygenSensor_Begin
                0x00000418       0x30 .\CortexM0\ARM_GCC_541\Debug\libraryCopied.o
                0x00000418                OxygenSensor_Begin
 .text.OxygenSensor_ReadFlash
                0x00000448       0x7c .\CortexM0\ARM_GCC_541\Debug\libraryCopied.o
                0x00000448                OxygenSensor_ReadFlash
 .text.OxygenSensor_GetAverage
                0x000004c4       0x30 .\CortexM0\ARM_GCC_541\Debug\libraryCopied.o
                0x000004c4                OxygenSensor_GetAverage
 .text.OxygenSensor_GetOxygenData
                0x000004f4       0xc4 .\CortexM0\ARM_GCC_541\Debug\libraryCopied.o
                0x000004f4                OxygenSensor_GetOxygenData
 .text.cfg_write_bytes32
                0x000005b8       0x34 .\CortexM0\ARM_GCC_541\Debug\cyfitter_cfg.o
 .text.CYMEMZERO
                0x000005ec        0xc .\CortexM0\ARM_GCC_541\Debug\cyfitter_cfg.o
 .text.SetAnalogRoutingPumps
                0x000005f8       0x20 .\CortexM0\ARM_GCC_541\Debug\cyfitter_cfg.o
                0x000005f8                SetAnalogRoutingPumps
 .text.AnalogSetDefault
                0x00000618       0x7c .\CortexM0\ARM_GCC_541\Debug\cyfitter_cfg.o
 .text.IntDefaultHandler
                0x00000694       0x10 .\CortexM0\ARM_GCC_541\Debug\Cm0Start.o
                0x00000694                IntDefaultHandler
 .text._sbrk    0x000006a4       0x30 .\CortexM0\ARM_GCC_541\Debug\Cm0Start.o
                0x000006a4                _sbrk
 .text.Start_c  0x000006d4       0x48 .\CortexM0\ARM_GCC_541\Debug\Cm0Start.o
                0x000006d4                Start_c
 .text.initialize_psoc
                0x0000071c       0x4c .\CortexM0\ARM_GCC_541\Debug\Cm0Start.o
                0x0000071c                initialize_psoc
 .text.UART_ScbModePostEnable
                0x00000768        0x8 .\CortexM0\ARM_GCC_541\Debug\oxygen.a(UART.o)
 .text.UART_Init
                0x00000770        0x8 .\CortexM0\ARM_GCC_541\Debug\oxygen.a(UART.o)
                0x00000770                UART_Init
 .text.UART_Enable
                0x00000778       0x18 .\CortexM0\ARM_GCC_541\Debug\oxygen.a(UART.o)
                0x00000778                UART_Enable
 .text.UART_Start
                0x00000790       0x20 .\CortexM0\ARM_GCC_541\Debug\oxygen.a(UART.o)
                0x00000790                UART_Start
 .text.UART_UartInit
                0x000007b0       0xa8 .\CortexM0\ARM_GCC_541\Debug\oxygen.a(UART_UART.o)
                0x000007b0                UART_UartInit
 .text.UART_UartPostEnable
                0x00000858       0x24 .\CortexM0\ARM_GCC_541\Debug\oxygen.a(UART_UART.o)
                0x00000858                UART_UartPostEnable
 .text.UART_UartPutString
                0x0000087c       0x18 .\CortexM0\ARM_GCC_541\Debug\oxygen.a(UART_UART.o)
                0x0000087c                UART_UartPutString
 .text.I2C_ScbEnableIntr
                0x00000894        0xc .\CortexM0\ARM_GCC_541\Debug\oxygen.a(I2C.o)
 .text.I2C_Init
                0x000008a0        0x8 .\CortexM0\ARM_GCC_541\Debug\oxygen.a(I2C.o)
                0x000008a0                I2C_Init
 .text.I2C_Enable
                0x000008a8       0x18 .\CortexM0\ARM_GCC_541\Debug\oxygen.a(I2C.o)
                0x000008a8                I2C_Enable
 .text.I2C_Start
                0x000008c0       0x20 .\CortexM0\ARM_GCC_541\Debug\oxygen.a(I2C.o)
                0x000008c0                I2C_Start
 .text.I2C_I2CInit
                0x000008e0       0xb8 .\CortexM0\ARM_GCC_541\Debug\oxygen.a(I2C_I2C.o)
                0x000008e0                I2C_I2CInit
 .text.I2C_I2CFwBlockReset
                0x00000998       0x5c .\CortexM0\ARM_GCC_541\Debug\oxygen.a(I2C_I2C.o)
                0x00000998                I2C_I2CFwBlockReset
 .text.I2C_I2CMasterWaitOneUnit
                0x000009f4       0x28 .\CortexM0\ARM_GCC_541\Debug\oxygen.a(I2C_I2C_MASTER.o)
 .text.I2C_I2CMasterHandleStatus
                0x00000a1c       0xc4 .\CortexM0\ARM_GCC_541\Debug\oxygen.a(I2C_I2C_MASTER.o)
 .text.I2C_I2CMasterSendStart
                0x00000ae0       0xc4 .\CortexM0\ARM_GCC_541\Debug\oxygen.a(I2C_I2C_MASTER.o)
                0x00000ae0                I2C_I2CMasterSendStart
 .text.I2C_I2CMasterSendStop
                0x00000ba4       0x58 .\CortexM0\ARM_GCC_541\Debug\oxygen.a(I2C_I2C_MASTER.o)
                0x00000ba4                I2C_I2CMasterSendStop
 .text.I2C_I2CMasterWriteByte
                0x00000bfc       0x48 .\CortexM0\ARM_GCC_541\Debug\oxygen.a(I2C_I2C_MASTER.o)
                0x00000bfc                I2C_I2CMasterWriteByte
 .text.I2C_I2CMasterReadByte
                0x00000c44       0x7c .\CortexM0\ARM_GCC_541\Debug\oxygen.a(I2C_I2C_MASTER.o)
                0x00000c44                I2C_I2CMasterReadByte
 .text.I2C_I2CMasterClearStatus
                0x00000cc0       0x20 .\CortexM0\ARM_GCC_541\Debug\oxygen.a(I2C_I2C_MASTER.o)
                0x00000cc0                I2C_I2CMasterClearStatus
 .text.I2C_I2CReStartGeneration
                0x00000ce0       0x20 .\CortexM0\ARM_GCC_541\Debug\oxygen.a(I2C_I2C_MASTER.o)
                0x00000ce0                I2C_I2CReStartGeneration
 .text.I2C_I2CMasterSendRestart
                0x00000d00       0x68 .\CortexM0\ARM_GCC_541\Debug\oxygen.a(I2C_I2C_MASTER.o)
                0x00000d00                I2C_I2CMasterSendRestart
 .text.CySysClkImoDisableWcoLock
                0x00000d68       0x54 .\CortexM0\ARM_GCC_541\Debug\oxygen.a(CyLib.o)
                0x00000d68                CySysClkImoDisableWcoLock
 .text.CySysClkImoGetWcoLock
                0x00000dbc       0x14 .\CortexM0\ARM_GCC_541\Debug\oxygen.a(CyLib.o)
                0x00000dbc                CySysClkImoGetWcoLock
 .text.CyIntEnable
                0x00000dd0       0x14 .\CortexM0\ARM_GCC_541\Debug\oxygen.a(CyLib.o)
                0x00000dd0                CyIntEnable
 .text.CyIntDisable
                0x00000de4       0x14 .\CortexM0\ARM_GCC_541\Debug\oxygen.a(CyLib.o)
                0x00000de4                CyIntDisable
 .text.CyHalt   0x00000df8        0x4 .\CortexM0\ARM_GCC_541\Debug\oxygen.a(CyLib.o)
                0x00000df8                CyHalt
 .text.CyIntSetVector
                0x00000dfc       0x24 .\CortexM0\ARM_GCC_541\Debug\oxygen.a(CyLib.o)
                0x00000dfc                CyIntSetVector
 .text.CyIntSetPriority
                0x00000e20       0x4c .\CortexM0\ARM_GCC_541\Debug\oxygen.a(CyLib.o)
                0x00000e20                CyIntSetPriority
 .text.CyDelay  0x00000e6c       0x30 .\CortexM0\ARM_GCC_541\Debug\oxygen.a(CyLib.o)
                0x00000e6c                CyDelay
 .text.CySysClkImoEnableWcoLock
                0x00000e9c       0xf4 .\CortexM0\ARM_GCC_541\Debug\oxygen.a(CyLib.o)
                0x00000e9c                CySysClkImoEnableWcoLock
 .text.CySysClkWriteImoFreq
                0x00000f90       0x80 .\CortexM0\ARM_GCC_541\Debug\oxygen.a(CyLib.o)
                0x00000f90                CySysClkWriteImoFreq
 .text.CyDelayUs
                0x00001010       0x14 .\CortexM0\ARM_GCC_541\Debug\oxygen.a(CyLib.o)
                0x00001010                CyDelayUs
 .text.CySysWdtLocked
                0x00001024       0x14 .\CortexM0\ARM_GCC_541\Debug\oxygen.a(CyLFClk.o)
 .text.CySysClkWcoEnabled
                0x00001038       0x14 .\CortexM0\ARM_GCC_541\Debug\oxygen.a(CyLFClk.o)
                0x00001038                CySysClkWcoEnabled
 .text.CySysWdtLock
                0x0000104c       0x1c .\CortexM0\ARM_GCC_541\Debug\oxygen.a(CyLFClk.o)
                0x0000104c                CySysWdtLock
 .text.CySysWdtUnlock
                0x00001068       0x30 .\CortexM0\ARM_GCC_541\Debug\oxygen.a(CyLFClk.o)
                0x00001068                CySysWdtUnlock
 .text.CySysWdtClearInterrupt
                0x00001098       0x4c .\CortexM0\ARM_GCC_541\Debug\oxygen.a(CyLFClk.o)
                0x00001098                CySysWdtClearInterrupt
 .text.CySysWdtIsr
                0x000010e4       0xa4 .\CortexM0\ARM_GCC_541\Debug\oxygen.a(CyLFClk.o)
                0x000010e4                CySysWdtIsr
 .text          0x00001188       0x20 .\CortexM0\ARM_GCC_541\Debug\oxygen.a(CyBootAsmGnu.o)
                0x00001188                CyDelayCycles
                0x0000119a                CyEnterCriticalSection
                0x000011a2                CyExitCriticalSection
 .text.UART_SpiUartWriteTxData
                0x000011a8       0x1c .\CortexM0\ARM_GCC_541\Debug\oxygen.a(UART_SPI_UART.o)
                0x000011a8                UART_SpiUartWriteTxData
 .text.I2C_I2C_ISR
                0x000011c4      0x340 .\CortexM0\ARM_GCC_541\Debug\oxygen.a(I2C_I2C_INT.o)
                0x000011c4                I2C_I2C_ISR
 .text.CySysFlashSetWaitCycles
                0x00001504       0x54 .\CortexM0\ARM_GCC_541\Debug\oxygen.a(CyFlash.o)
                0x00001504                CySysFlashSetWaitCycles
 .text          0x00001558      0x114 c:/users/shahnaz/desktop/psoc creator/4.4/psoc creator/import/gnu/arm/5.4.1/bin/../lib/gcc/arm-none-eabi/5.4.1/armv6-m\libgcc.a(_udivsi3.o)
                0x00001558                __aeabi_uidiv
                0x00001558                __udivsi3
                0x00001664                __aeabi_uidivmod
 .text          0x0000166c        0x4 c:/users/shahnaz/desktop/psoc creator/4.4/psoc creator/import/gnu/arm/5.4.1/bin/../lib/gcc/arm-none-eabi/5.4.1/armv6-m\libgcc.a(_dvmd_tls.o)
                0x0000166c                __aeabi_idiv0
                0x0000166c                __aeabi_ldiv0
 .text          0x00001670      0x2ec c:/users/shahnaz/desktop/psoc creator/4.4/psoc creator/import/gnu/arm/5.4.1/bin/../lib/gcc/arm-none-eabi/5.4.1/armv6-m\libgcc.a(addsf3.o)
                0x00001670                __aeabi_fadd
 .text          0x0000195c      0x234 c:/users/shahnaz/desktop/psoc creator/4.4/psoc creator/import/gnu/arm/5.4.1/bin/../lib/gcc/arm-none-eabi/5.4.1/armv6-m\libgcc.a(divsf3.o)
                0x0000195c                __aeabi_fdiv
 .text          0x00001b90       0x7c c:/users/shahnaz/desktop/psoc creator/4.4/psoc creator/import/gnu/arm/5.4.1/bin/../lib/gcc/arm-none-eabi/5.4.1/armv6-m\libgcc.a(floatunsisf.o)
                0x00001b90                __aeabi_ui2f
 .text          0x00001c0c      0x4f4 c:/users/shahnaz/desktop/psoc creator/4.4/psoc creator/import/gnu/arm/5.4.1/bin/../lib/gcc/arm-none-eabi/5.4.1/armv6-m\libgcc.a(muldf3.o)
                0x00001c0c                __aeabi_dmul
 .text          0x00002100       0xa8 c:/users/shahnaz/desktop/psoc creator/4.4/psoc creator/import/gnu/arm/5.4.1/bin/../lib/gcc/arm-none-eabi/5.4.1/armv6-m\libgcc.a(extendsfdf2.o)
                0x00002100                __aeabi_f2d
 .text          0x000021a8      0x118 c:/users/shahnaz/desktop/psoc creator/4.4/psoc creator/import/gnu/arm/5.4.1/bin/../lib/gcc/arm-none-eabi/5.4.1/armv6-m\libgcc.a(truncdfsf2.o)
                0x000021a8                __aeabi_d2f
 .text          0x000022c0       0x3c c:/users/shahnaz/desktop/psoc creator/4.4/psoc creator/import/gnu/arm/5.4.1/bin/../lib/gcc/arm-none-eabi/5.4.1/armv6-m\libgcc.a(_clzsi2.o)
                0x000022c0                __clzsi2
 .text.__errno  0x000022fc        0xc c:/users/shahnaz/desktop/psoc creator/4.4/psoc creator/import/gnu/arm/5.4.1/bin/../lib/gcc/arm-none-eabi/5.4.1/../../../../arm-none-eabi/lib/armv6-m\libg_nano.a(lib_a-errno.o)
                0x000022fc                __errno
 .text.__libc_init_array
                0x00002308       0x4c c:/users/shahnaz/desktop/psoc creator/4.4/psoc creator/import/gnu/arm/5.4.1/bin/../lib/gcc/arm-none-eabi/5.4.1/../../../../arm-none-eabi/lib/armv6-m\libg_nano.a(lib_a-init.o)
                0x00002308                __libc_init_array
 .text.memcpy   0x00002354       0x12 c:/users/shahnaz/desktop/psoc creator/4.4/psoc creator/import/gnu/arm/5.4.1/bin/../lib/gcc/arm-none-eabi/5.4.1/../../../../arm-none-eabi/lib/armv6-m\libg_nano.a(lib_a-memcpy-stub.o)
                0x00002354                memcpy
 .text.memset   0x00002366       0x10 c:/users/shahnaz/desktop/psoc creator/4.4/psoc creator/import/gnu/arm/5.4.1/bin/../lib/gcc/arm-none-eabi/5.4.1/../../../../arm-none-eabi/lib/armv6-m\libg_nano.a(lib_a-memset.o)
                0x00002366                memset
 *fill*         0x00002376        0x2 
 .text.sprintf  0x00002378       0x44 c:/users/shahnaz/desktop/psoc creator/4.4/psoc creator/import/gnu/arm/5.4.1/bin/../lib/gcc/arm-none-eabi/5.4.1/../../../../arm-none-eabi/lib/armv6-m\libg_nano.a(lib_a-sprintf.o)
                0x00002378                siprintf
                0x00002378                sprintf
 .text.__ssputs_r
                0x000023bc       0xc4 c:/users/shahnaz/desktop/psoc creator/4.4/psoc creator/import/gnu/arm/5.4.1/bin/../lib/gcc/arm-none-eabi/5.4.1/../../../../arm-none-eabi/lib/armv6-m\libg_nano.a(lib_a-nano-svfprintf.o)
                0x000023bc                __ssputs_r
 .text._svfprintf_r
                0x00002480      0x1fc c:/users/shahnaz/desktop/psoc creator/4.4/psoc creator/import/gnu/arm/5.4.1/bin/../lib/gcc/arm-none-eabi/5.4.1/../../../../arm-none-eabi/lib/armv6-m\libg_nano.a(lib_a-nano-svfprintf.o)
                0x00002480                _svfiprintf_r
                0x00002480                _svfprintf_r
 .text._printf_common
                0x0000267c       0xdc c:/users/shahnaz/desktop/psoc creator/4.4/psoc creator/import/gnu/arm/5.4.1/bin/../lib/gcc/arm-none-eabi/5.4.1/../../../../arm-none-eabi/lib/armv6-m\libg_nano.a(lib_a-nano-vfprintf_i.o)
                0x0000267c                _printf_common
 .text._printf_i
                0x00002758      0x244 c:/users/shahnaz/desktop/psoc creator/4.4/psoc creator/import/gnu/arm/5.4.1/bin/../lib/gcc/arm-none-eabi/5.4.1/../../../../arm-none-eabi/lib/armv6-m\libg_nano.a(lib_a-nano-vfprintf_i.o)
                0x00002758                _printf_i
 .text.memchr   0x0000299c       0x16 c:/users/shahnaz/desktop/psoc creator/4.4/psoc creator/import/gnu/arm/5.4.1/bin/../lib/gcc/arm-none-eabi/5.4.1/../../../../arm-none-eabi/lib/armv6-m\libg_nano.a(lib_a-memchr-stub.o)
                0x0000299c                memchr
 .text.memmove  0x000029b2       0x2a c:/users/shahnaz/desktop/psoc creator/4.4/psoc creator/import/gnu/arm/5.4.1/bin/../lib/gcc/arm-none-eabi/5.4.1/../../../../arm-none-eabi/lib/armv6-m\libg_nano.a(lib_a-memmove.o)
                0x000029b2                memmove
 .text._free_r  0x000029dc       0x98 c:/users/shahnaz/desktop/psoc creator/4.4/psoc creator/import/gnu/arm/5.4.1/bin/../lib/gcc/arm-none-eabi/5.4.1/../../../../arm-none-eabi/lib/armv6-m\libg_nano.a(lib_a-nano-freer.o)
                0x000029dc                _free_r
 .text._malloc_r
                0x00002a74       0xc0 c:/users/shahnaz/desktop/psoc creator/4.4/psoc creator/import/gnu/arm/5.4.1/bin/../lib/gcc/arm-none-eabi/5.4.1/../../../../arm-none-eabi/lib/armv6-m\libg_nano.a(lib_a-nano-mallocr.o)
                0x00002a74                _malloc_r
 .text._realloc_r
                0x00002b34       0x4c c:/users/shahnaz/desktop/psoc creator/4.4/psoc creator/import/gnu/arm/5.4.1/bin/../lib/gcc/arm-none-eabi/5.4.1/../../../../arm-none-eabi/lib/armv6-m\libg_nano.a(lib_a-nano-reallocr.o)
                0x00002b34                _realloc_r
 .text._sbrk_r  0x00002b80       0x24 c:/users/shahnaz/desktop/psoc creator/4.4/psoc creator/import/gnu/arm/5.4.1/bin/../lib/gcc/arm-none-eabi/5.4.1/../../../../arm-none-eabi/lib/armv6-m\libg_nano.a(lib_a-sbrkr.o)
                0x00002b80                _sbrk_r
 .text.__malloc_lock
                0x00002ba4        0x2 c:/users/shahnaz/desktop/psoc creator/4.4/psoc creator/import/gnu/arm/5.4.1/bin/../lib/gcc/arm-none-eabi/5.4.1/../../../../arm-none-eabi/lib/armv6-m\libg_nano.a(lib_a-mlock.o)
                0x00002ba4                __malloc_lock
 .text.__malloc_unlock
                0x00002ba6        0x2 c:/users/shahnaz/desktop/psoc creator/4.4/psoc creator/import/gnu/arm/5.4.1/bin/../lib/gcc/arm-none-eabi/5.4.1/../../../../arm-none-eabi/lib/armv6-m\libg_nano.a(lib_a-mlock.o)
                0x00002ba6                __malloc_unlock
 .text._malloc_usable_size_r
                0x00002ba8       0x16 c:/users/shahnaz/desktop/psoc creator/4.4/psoc creator/import/gnu/arm/5.4.1/bin/../lib/gcc/arm-none-eabi/5.4.1/../../../../arm-none-eabi/lib/armv6-m\libg_nano.a(lib_a-nano-msizer.o)
                0x00002ba8                _malloc_usable_size_r
 *(.plt)
 *(.gnu.warning)
 *(.glue_7t)
 .glue_7t       0x00002bbe        0x0 linker stubs
 *(.glue_7)
 .glue_7        0x00002bbe        0x0 linker stubs
 *(.vfp11_veneer)
 .vfp11_veneer  0x00002bbe        0x0 linker stubs
 *(.bootloader)
 *(.ARM.extab* .gnu.linkonce.armextab.*)
 *(.gcc_except_table)

.v4_bx          0x00002bc0        0x0
 .v4_bx         0x00002bc0        0x0 linker stubs

.iplt           0x00002bc0        0x0
 .iplt          0x00002bc0        0x0 c:/users/shahnaz/desktop/psoc creator/4.4/psoc creator/import/gnu/arm/5.4.1/bin/../lib/gcc/arm-none-eabi/5.4.1/armv6-m/crtbegin.o

.eh_frame_hdr
 *(.eh_frame_hdr)

.eh_frame       0x00002bc0        0x4
 *(.eh_frame)
 .eh_frame      0x00002bc0        0x0 c:/users/shahnaz/desktop/psoc creator/4.4/psoc creator/import/gnu/arm/5.4.1/bin/../lib/gcc/arm-none-eabi/5.4.1/armv6-m/crtbegin.o
 .eh_frame      0x00002bc0        0x4 c:/users/shahnaz/desktop/psoc creator/4.4/psoc creator/import/gnu/arm/5.4.1/bin/../lib/gcc/arm-none-eabi/5.4.1/armv6-m/crtend.o
                [!provide]                PROVIDE (__exidx_start, .)

.ARM.exidx
 *(.ARM.exidx* .gnu.linkonce.armexidx.*)
                0x00002bc4                __exidx_end = .

.rodata         0x00002bc4      0x244
 *(.rodata .rodata.* .gnu.linkonce.r.*)
 .rodata.str1.4
                0x00002bc4       0x84 .\CortexM0\ARM_GCC_541\Debug\main.o
                                 0x83 (size before relaxing)
 .rodata        0x00002c48       0x60 .\CortexM0\ARM_GCC_541\Debug\cyfitter_cfg.o
 .rodata        0x00002ca8       0x2e .\CortexM0\ARM_GCC_541\Debug\oxygen.a(CyLib.o)
                0x00002ca8                cyImoFreqMhz2Reg
 *fill*         0x00002cd6        0x2 
 .rodata        0x00002cd8       0x80 c:/users/shahnaz/desktop/psoc creator/4.4/psoc creator/import/gnu/arm/5.4.1/bin/../lib/gcc/arm-none-eabi/5.4.1/armv6-m\libgcc.a(divsf3.o)
 .rodata        0x00002d58       0x40 c:/users/shahnaz/desktop/psoc creator/4.4/psoc creator/import/gnu/arm/5.4.1/bin/../lib/gcc/arm-none-eabi/5.4.1/armv6-m\libgcc.a(muldf3.o)
 .rodata.str1.1
                0x00002d98        0x2 c:/users/shahnaz/desktop/psoc creator/4.4/psoc creator/import/gnu/arm/5.4.1/bin/../lib/gcc/arm-none-eabi/5.4.1/../../../../arm-none-eabi/lib/armv6-m\libg_nano.a(lib_a-impure.o)
 .rodata.str1.1
                0x00002d9a       0x11 c:/users/shahnaz/desktop/psoc creator/4.4/psoc creator/import/gnu/arm/5.4.1/bin/../lib/gcc/arm-none-eabi/5.4.1/../../../../arm-none-eabi/lib/armv6-m\libg_nano.a(lib_a-nano-svfprintf.o)
 .rodata.str1.1
                0x00002dab       0x22 c:/users/shahnaz/desktop/psoc creator/4.4/psoc creator/import/gnu/arm/5.4.1/bin/../lib/gcc/arm-none-eabi/5.4.1/../../../../arm-none-eabi/lib/armv6-m\libg_nano.a(lib_a-nano-vfprintf_i.o)
                0x00002dd0                . = ALIGN (0x4)
 *fill*         0x00002dcd        0x3 
 *(.init)
 .init          0x00002dd0        0x4 c:/users/shahnaz/desktop/psoc creator/4.4/psoc creator/import/gnu/arm/5.4.1/bin/../lib/gcc/arm-none-eabi/5.4.1/armv6-m/crti.o
                0x00002dd0                _init
 .init          0x00002dd4        0x8 c:/users/shahnaz/desktop/psoc creator/4.4/psoc creator/import/gnu/arm/5.4.1/bin/../lib/gcc/arm-none-eabi/5.4.1/armv6-m/crtn.o
                0x00002ddc                . = ALIGN (0x4)
                0x00002ddc                __preinit_array_start = .
 *(.preinit_array)
                0x00002ddc                __preinit_array_end = .
                0x00002ddc                . = ALIGN (0x4)
                0x00002ddc                __init_array_start = .
 *(SORT(.init_array.*))
 *(.init_array)
 .init_array    0x00002ddc        0x4 c:/users/shahnaz/desktop/psoc creator/4.4/psoc creator/import/gnu/arm/5.4.1/bin/../lib/gcc/arm-none-eabi/5.4.1/armv6-m/crtbegin.o
 .init_array    0x00002de0        0x4 .\CortexM0\ARM_GCC_541\Debug\Cm0Start.o
                0x00002de4                __init_array_end = .
                0x00002de4                . = ALIGN (0x4)
 *(.fini)
 .fini          0x00002de4        0x4 c:/users/shahnaz/desktop/psoc creator/4.4/psoc creator/import/gnu/arm/5.4.1/bin/../lib/gcc/arm-none-eabi/5.4.1/armv6-m/crti.o
                0x00002de4                _fini
 .fini          0x00002de8        0x8 c:/users/shahnaz/desktop/psoc creator/4.4/psoc creator/import/gnu/arm/5.4.1/bin/../lib/gcc/arm-none-eabi/5.4.1/armv6-m/crtn.o
                0x00002df0                . = ALIGN (0x4)
                0x00002df0                __fini_array_start = .
 *(.fini_array)
 .fini_array    0x00002df0        0x4 c:/users/shahnaz/desktop/psoc creator/4.4/psoc creator/import/gnu/arm/5.4.1/bin/../lib/gcc/arm-none-eabi/5.4.1/armv6-m/crtbegin.o
 *(SORT(.fini_array.*))
                0x00002df4                __fini_array_end = .
                0x00002df4                . = ALIGN (0x4)
 *crtbegin.o(.ctors)
 *(EXCLUDE_FILE(*crtend.o) .ctors)
 *(SORT(.ctors.*))
 *crtend.o(.ctors)
                0x00002df4                . = ALIGN (0x4)
 *crtbegin.o(.dtors)
 *(EXCLUDE_FILE(*crtend.o) .dtors)
 *(SORT(.dtors.*))
 *crtend.o(.dtors)
                0x00002df4                . = ALIGN (0x4)
                0x00002df4                __cy_regions = .
                0x00002df4        0x4 LONG 0x2e08 __cy_region_init_ram
                0x00002df8        0x4 LONG 0x200000c0 __cy_region_start_data
                0x00002dfc        0x4 LONG 0x88 __cy_region_init_size_ram
                0x00002e00        0x4 LONG 0xb8 __cy_region_zero_size_ram
                0x00002e04                __cy_regions_end = .
                0x00002e08                . = ALIGN (0x8)
 *fill*         0x00002e04        0x4 
                0x00002e08                _etext = .

.cy_checksum_exclude
                0x00002e08        0x0
 *(.cy_checksum_exclude)

.ramvectors     0x20000000       0xc0
                0x20000000                __cy_region_start_ram = .
 *(.ramvectors)
 .ramvectors    0x20000000       0xc0 .\CortexM0\ARM_GCC_541\Debug\Cm0Start.o
                0x20000000                CyRamVectors

.noinit
 *(.noinit)

.data           0x200000c0       0x88 load address 0x00002e08
                0x200000c0                __cy_region_start_data = .
 *(.jcr)
 .jcr           0x200000c0        0x0 c:/users/shahnaz/desktop/psoc creator/4.4/psoc creator/import/gnu/arm/5.4.1/bin/../lib/gcc/arm-none-eabi/5.4.1/armv6-m/crtbegin.o
 .jcr           0x200000c0        0x4 c:/users/shahnaz/desktop/psoc creator/4.4/psoc creator/import/gnu/arm/5.4.1/bin/../lib/gcc/arm-none-eabi/5.4.1/armv6-m/crtend.o
 *(.got.plt)
 *(.got)
 *(.shdata)
 *(.data .data.* .gnu.linkonce.d.*)
 .data          0x200000c4        0x4 .\CortexM0\ARM_GCC_541\Debug\Cm0Start.o
 .data          0x200000c8       0x14 .\CortexM0\ARM_GCC_541\Debug\oxygen.a(CyLib.o)
                0x200000c8                CySysClkPumpConfig
                0x200000cc                cydelay32kMs
                0x200000d0                cydelayFreqKhz
                0x200000d4                cydelayFreqMhz
                0x200000d8                cydelayFreqHz
 .data          0x200000dc        0x8 .\CortexM0\ARM_GCC_541\Debug\oxygen.a(CyLFClk.o)
 .data.impure_data
                0x200000e4       0x60 c:/users/shahnaz/desktop/psoc creator/4.4/psoc creator/import/gnu/arm/5.4.1/bin/../lib/gcc/arm-none-eabi/5.4.1/../../../../arm-none-eabi/lib/armv6-m\libg_nano.a(lib_a-impure.o)
 .data._impure_ptr
                0x20000144        0x4 c:/users/shahnaz/desktop/psoc creator/4.4/psoc creator/import/gnu/arm/5.4.1/bin/../lib/gcc/arm-none-eabi/5.4.1/../../../../arm-none-eabi/lib/armv6-m\libg_nano.a(lib_a-impure.o)
                0x20000144                _impure_ptr
                0x20000148                . = ALIGN (0x8)
 *(.ram)
                0x20000148                _edata = .

.igot.plt       0x20000148        0x0 load address 0x00002e90
 .igot.plt      0x20000148        0x0 c:/users/shahnaz/desktop/psoc creator/4.4/psoc creator/import/gnu/arm/5.4.1/bin/../lib/gcc/arm-none-eabi/5.4.1/armv6-m/crtbegin.o

.bss            0x20000148       0xb8 load address 0x00002e90
                0x20000148                PROVIDE (__bss_start__, .)
 *(.shbss)
 *(.bss .bss.* .gnu.linkonce.b.*)
 .bss           0x20000148       0x1c c:/users/shahnaz/desktop/psoc creator/4.4/psoc creator/import/gnu/arm/5.4.1/bin/../lib/gcc/arm-none-eabi/5.4.1/armv6-m/crtbegin.o
 .bss           0x20000164        0x1 .\CortexM0\ARM_GCC_541\Debug\libraryCopied.o
 *fill*         0x20000165        0x1 
 .bss           0x20000166        0x4 .\CortexM0\ARM_GCC_541\Debug\oxygen.a(UART.o)
                0x20000166                UART_initVar
                0x20000168                UART_IntrTxMask
 *fill*         0x2000016a        0x2 
 .bss           0x2000016c        0x8 .\CortexM0\ARM_GCC_541\Debug\oxygen.a(I2C.o)
                0x2000016c                I2C_initVar
                0x20000170                I2C_customIntrHandler
 .bss           0x20000174       0x28 .\CortexM0\ARM_GCC_541\Debug\oxygen.a(CyLFClk.o)
 .bss.__malloc_sbrk_start
                0x2000019c        0x4 c:/users/shahnaz/desktop/psoc creator/4.4/psoc creator/import/gnu/arm/5.4.1/bin/../lib/gcc/arm-none-eabi/5.4.1/../../../../arm-none-eabi/lib/armv6-m\libg_nano.a(lib_a-nano-mallocr.o)
                0x2000019c                __malloc_sbrk_start
 .bss.__malloc_free_list
                0x200001a0        0x4 c:/users/shahnaz/desktop/psoc creator/4.4/psoc creator/import/gnu/arm/5.4.1/bin/../lib/gcc/arm-none-eabi/5.4.1/../../../../arm-none-eabi/lib/armv6-m\libg_nano.a(lib_a-nano-mallocr.o)
                0x200001a0                __malloc_free_list
 *(COMMON)
 COMMON         0x200001a4       0x30 .\CortexM0\ARM_GCC_541\Debug\main.o
                0x200001a4                oxygenSensor
 COMMON         0x200001d4        0x1 .\CortexM0\ARM_GCC_541\Debug\oxygen.a(I2C_I2C.o)
                0x200001d4                I2C_state
 *fill*         0x200001d5        0x3 
 COMMON         0x200001d8       0x24 .\CortexM0\ARM_GCC_541\Debug\oxygen.a(I2C_I2C_MASTER.o)
                0x200001d8                I2C_mstrWrBufIndexTmp
                0x200001dc                I2C_mstrWrBufIndex
                0x200001e0                I2C_mstrWrBufSize
                0x200001e4                I2C_mstrStatus
                0x200001e8                I2C_mstrRdBufPtr
                0x200001ec                I2C_mstrControl
                0x200001f0                I2C_mstrRdBufSize
                0x200001f4                I2C_mstrRdBufIndex
                0x200001f8                I2C_mstrWrBufPtr
 COMMON         0x200001fc        0x4 c:/users/shahnaz/desktop/psoc creator/4.4/psoc creator/import/gnu/arm/5.4.1/bin/../lib/gcc/arm-none-eabi/5.4.1/../../../../arm-none-eabi/lib/armv6-m\libg_nano.a(lib_a-reent.o)
                0x200001fc                errno
                0x20000200                . = ALIGN (0x8)
 *(.ram.b)
                0x20000200                _end = .
                0x20000200                __end = .
                0x20000200                PROVIDE (end, .)
                0x20000200                PROVIDE (__bss_end__, .)
                0x00002e08                __cy_region_init_ram = LOADADDR (.data)
                0x00000088                __cy_region_init_size_ram = (_edata - ADDR (.data))
                0x000000b8                __cy_region_zero_size_ram = (_end - _edata)

.heap           0x20000200       0x80 load address 0x00002e90
                0x20000200                . = _end
                0x20000280                . = (. + 0x80)
 *fill*         0x20000200       0x80 
                0x20000280                __cy_heap_limit = .

.stack          0x20003800      0x800
                0x20003800                __cy_stack_limit = .
                0x20004000                . = (. + 0x800)
 *fill*         0x20003800      0x800 
                0x00000001                ASSERT ((__cy_stack_limit >= __cy_heap_limit), region RAM overflowed with stack)
                0x00000000                cy_checksum_exclude_size = (CY_APPL_LOADABLE == 0x1)?SIZEOF (.cy_checksum_exclude):0x0
                0x00000001                ASSERT ((cy_checksum_exclude_size <= CY_CHECKSUM_EXCLUDE_SIZE), CY_BOOT: Section .cy_checksum_exclude size exceedes specified limit.)
                0x0001ffc0                cyloadermeta_start = (cy_project_type_bootloader || cy_project_type_app_for_stack_and_copier)?(LENGTH (rom) - CY_METADATA_SIZE):0xf0000000

.cyloadermeta
 *(.cyloadermeta)
                0x0001ffc0                cyloadablemeta_start = cy_project_type_app_for_stack_and_copier?((LENGTH (rom) - CY_FLASH_ROW_SIZE) - CY_METADATA_SIZE):((LENGTH (rom) - (CY_FLASH_ROW_SIZE * (CY_APPL_NUM - 0x1))) - CY_METADATA_SIZE)

.cyloadablemeta
 *(.cyloadablemeta)

.cyflashprotect
                0x90400000       0x80
 *(.cyflashprotect)
 .cyflashprotect
                0x90400000       0x80 .\CortexM0\ARM_GCC_541\Debug\cymetadata.o
                0x90400000                cy_meta_flashprotect

.cymeta         0x90500000        0xc
 *(.cymeta)
 .cymeta        0x90500000        0xc .\CortexM0\ARM_GCC_541\Debug\cymetadata.o
                0x90500000                cy_metadata

.cychipprotect  0x90600000        0x1
 *(.cychipprotect)
 .cychipprotect
                0x90600000        0x1 .\CortexM0\ARM_GCC_541\Debug\cymetadata.o
                0x90600000                cy_meta_chipprotect

.rel.dyn        0x00002e90        0x0 load address 0x90600004
 .rel.iplt      0x00002e90        0x0 c:/users/shahnaz/desktop/psoc creator/4.4/psoc creator/import/gnu/arm/5.4.1/bin/../lib/gcc/arm-none-eabi/5.4.1/armv6-m/crtbegin.o

.stab
 *(.stab)

.stabstr
 *(.stabstr)

.debug
 *(.debug)

.line
 *(.line)

.debug_srcinfo
 *(.debug_srcinfo)

.debug_sfnames
 *(.debug_sfnames)

.debug_aranges  0x00000000      0x750
 *(.debug_aranges)
 .debug_aranges
                0x00000000       0x20 .\CortexM0\ARM_GCC_541\Debug\main.o
 .debug_aranges
                0x00000020       0x48 .\CortexM0\ARM_GCC_541\Debug\libraryCopied.o
 .debug_aranges
                0x00000068       0x48 .\CortexM0\ARM_GCC_541\Debug\cyfitter_cfg.o
 .debug_aranges
                0x000000b0       0x18 .\CortexM0\ARM_GCC_541\Debug\cymetadata.o
 .debug_aranges
                0x000000c8       0x48 .\CortexM0\ARM_GCC_541\Debug\Cm0Start.o
 .debug_aranges
                0x00000110       0x58 .\CortexM0\ARM_GCC_541\Debug\oxygen.a(UART.o)
 .debug_aranges
                0x00000168       0x90 .\CortexM0\ARM_GCC_541\Debug\oxygen.a(UART_UART.o)
 .debug_aranges
                0x000001f8       0x60 .\CortexM0\ARM_GCC_541\Debug\oxygen.a(I2C.o)
 .debug_aranges
                0x00000258       0x30 .\CortexM0\ARM_GCC_541\Debug\oxygen.a(I2C_I2C.o)
 .debug_aranges
                0x00000288       0x98 .\CortexM0\ARM_GCC_541\Debug\oxygen.a(I2C_I2C_MASTER.o)
 .debug_aranges
                0x00000320      0x1c8 .\CortexM0\ARM_GCC_541\Debug\oxygen.a(CyLib.o)
 .debug_aranges
                0x000004e8      0x188 .\CortexM0\ARM_GCC_541\Debug\oxygen.a(CyLFClk.o)
 .debug_aranges
                0x00000670       0x20 .\CortexM0\ARM_GCC_541\Debug\oxygen.a(CyBootAsmGnu.o)
 .debug_aranges
                0x00000690       0x60 .\CortexM0\ARM_GCC_541\Debug\oxygen.a(UART_SPI_UART.o)
 .debug_aranges
                0x000006f0       0x20 .\CortexM0\ARM_GCC_541\Debug\oxygen.a(I2C_I2C_INT.o)
 .debug_aranges
                0x00000710       0x40 .\CortexM0\ARM_GCC_541\Debug\oxygen.a(CyFlash.o)

.debug_pubnames
 *(.debug_pubnames)

.debug_info     0x00000000     0x4866
 *(.debug_info .gnu.linkonce.wi.*)
 .debug_info    0x00000000      0x284 .\CortexM0\ARM_GCC_541\Debug\main.o
 .debug_info    0x00000284      0x5b3 .\CortexM0\ARM_GCC_541\Debug\libraryCopied.o
 .debug_info    0x00000837      0x405 .\CortexM0\ARM_GCC_541\Debug\cyfitter_cfg.o
 .debug_info    0x00000c3c       0xf8 .\CortexM0\ARM_GCC_541\Debug\cymetadata.o
 .debug_info    0x00000d34      0x3a2 .\CortexM0\ARM_GCC_541\Debug\Cm0Start.o
 .debug_info    0x000010d6      0x23a .\CortexM0\ARM_GCC_541\Debug\oxygen.a(UART.o)
 .debug_info    0x00001310      0x3b5 .\CortexM0\ARM_GCC_541\Debug\oxygen.a(UART_UART.o)
 .debug_info    0x000016c5      0x298 .\CortexM0\ARM_GCC_541\Debug\oxygen.a(I2C.o)
 .debug_info    0x0000195d      0x195 .\CortexM0\ARM_GCC_541\Debug\oxygen.a(I2C_I2C.o)
 .debug_info    0x00001af2      0x813 .\CortexM0\ARM_GCC_541\Debug\oxygen.a(I2C_I2C_MASTER.o)
 .debug_info    0x00002305      0xd40 .\CortexM0\ARM_GCC_541\Debug\oxygen.a(CyLib.o)
 .debug_info    0x00003045     0x1058 .\CortexM0\ARM_GCC_541\Debug\oxygen.a(CyLFClk.o)
 .debug_info    0x0000409d       0xb1 .\CortexM0\ARM_GCC_541\Debug\oxygen.a(CyBootAsmGnu.o)
 .debug_info    0x0000414e      0x220 .\CortexM0\ARM_GCC_541\Debug\oxygen.a(UART_SPI_UART.o)
 .debug_info    0x0000436e      0x1a8 .\CortexM0\ARM_GCC_541\Debug\oxygen.a(I2C_I2C_INT.o)
 .debug_info    0x00004516      0x350 .\CortexM0\ARM_GCC_541\Debug\oxygen.a(CyFlash.o)

.debug_abbrev   0x00000000     0x1415
 *(.debug_abbrev)
 .debug_abbrev  0x00000000      0x10f .\CortexM0\ARM_GCC_541\Debug\main.o
 .debug_abbrev  0x0000010f      0x17f .\CortexM0\ARM_GCC_541\Debug\libraryCopied.o
 .debug_abbrev  0x0000028e      0x1cf .\CortexM0\ARM_GCC_541\Debug\cyfitter_cfg.o
 .debug_abbrev  0x0000045d       0x5d .\CortexM0\ARM_GCC_541\Debug\cymetadata.o
 .debug_abbrev  0x000004ba      0x1d7 .\CortexM0\ARM_GCC_541\Debug\Cm0Start.o
 .debug_abbrev  0x00000691       0xd5 .\CortexM0\ARM_GCC_541\Debug\oxygen.a(UART.o)
 .debug_abbrev  0x00000766      0x132 .\CortexM0\ARM_GCC_541\Debug\oxygen.a(UART_UART.o)
 .debug_abbrev  0x00000898      0x118 .\CortexM0\ARM_GCC_541\Debug\oxygen.a(I2C.o)
 .debug_abbrev  0x000009b0       0xc7 .\CortexM0\ARM_GCC_541\Debug\oxygen.a(I2C_I2C.o)
 .debug_abbrev  0x00000a77      0x1c2 .\CortexM0\ARM_GCC_541\Debug\oxygen.a(I2C_I2C_MASTER.o)
 .debug_abbrev  0x00000c39      0x20b .\CortexM0\ARM_GCC_541\Debug\oxygen.a(CyLib.o)
 .debug_abbrev  0x00000e44      0x248 .\CortexM0\ARM_GCC_541\Debug\oxygen.a(CyLFClk.o)
 .debug_abbrev  0x0000108c       0x14 .\CortexM0\ARM_GCC_541\Debug\oxygen.a(CyBootAsmGnu.o)
 .debug_abbrev  0x000010a0      0x14f .\CortexM0\ARM_GCC_541\Debug\oxygen.a(UART_SPI_UART.o)
 .debug_abbrev  0x000011ef       0xa4 .\CortexM0\ARM_GCC_541\Debug\oxygen.a(I2C_I2C_INT.o)
 .debug_abbrev  0x00001293      0x182 .\CortexM0\ARM_GCC_541\Debug\oxygen.a(CyFlash.o)

.debug_line     0x00000000     0x20a9
 *(.debug_line)
 .debug_line    0x00000000      0x20d .\CortexM0\ARM_GCC_541\Debug\main.o
 .debug_line    0x0000020d      0x242 .\CortexM0\ARM_GCC_541\Debug\libraryCopied.o
 .debug_line    0x0000044f      0x1bd .\CortexM0\ARM_GCC_541\Debug\cyfitter_cfg.o
 .debug_line    0x0000060c      0x135 .\CortexM0\ARM_GCC_541\Debug\cymetadata.o
 .debug_line    0x00000741      0x22a .\CortexM0\ARM_GCC_541\Debug\Cm0Start.o
 .debug_line    0x0000096b      0x108 .\CortexM0\ARM_GCC_541\Debug\oxygen.a(UART.o)
 .debug_line    0x00000a73      0x1cf .\CortexM0\ARM_GCC_541\Debug\oxygen.a(UART_UART.o)
 .debug_line    0x00000c42      0x124 .\CortexM0\ARM_GCC_541\Debug\oxygen.a(I2C.o)
 .debug_line    0x00000d66       0xc2 .\CortexM0\ARM_GCC_541\Debug\oxygen.a(I2C_I2C.o)
 .debug_line    0x00000e28      0x2fc .\CortexM0\ARM_GCC_541\Debug\oxygen.a(I2C_I2C_MASTER.o)
 .debug_line    0x00001124      0x563 .\CortexM0\ARM_GCC_541\Debug\oxygen.a(CyLib.o)
 .debug_line    0x00001687      0x5d1 .\CortexM0\ARM_GCC_541\Debug\oxygen.a(CyLFClk.o)
 .debug_line    0x00001c58       0x68 .\CortexM0\ARM_GCC_541\Debug\oxygen.a(CyBootAsmGnu.o)
 .debug_line    0x00001cc0      0x11a .\CortexM0\ARM_GCC_541\Debug\oxygen.a(UART_SPI_UART.o)
 .debug_line    0x00001dda      0x15c .\CortexM0\ARM_GCC_541\Debug\oxygen.a(I2C_I2C_INT.o)
 .debug_line    0x00001f36      0x173 .\CortexM0\ARM_GCC_541\Debug\oxygen.a(CyFlash.o)

.debug_frame    0x00000000     0x1908
 *(.debug_frame)
 .debug_frame   0x00000000       0x2c .\CortexM0\ARM_GCC_541\Debug\main.o
 .debug_frame   0x0000002c       0xe4 .\CortexM0\ARM_GCC_541\Debug\libraryCopied.o
 .debug_frame   0x00000110       0xb4 .\CortexM0\ARM_GCC_541\Debug\cyfitter_cfg.o
 .debug_frame   0x000001c4       0xbc .\CortexM0\ARM_GCC_541\Debug\Cm0Start.o
 .debug_frame   0x00000280       0xd8 .\CortexM0\ARM_GCC_541\Debug\oxygen.a(UART.o)
 .debug_frame   0x00000358      0x144 .\CortexM0\ARM_GCC_541\Debug\oxygen.a(UART_UART.o)
 .debug_frame   0x0000049c       0xe8 .\CortexM0\ARM_GCC_541\Debug\oxygen.a(I2C.o)
 .debug_frame   0x00000584       0x58 .\CortexM0\ARM_GCC_541\Debug\oxygen.a(I2C_I2C.o)
 .debug_frame   0x000005dc      0x1d8 .\CortexM0\ARM_GCC_541\Debug\oxygen.a(I2C_I2C_MASTER.o)
 .debug_frame   0x000007b4      0x48c .\CortexM0\ARM_GCC_541\Debug\oxygen.a(CyLib.o)
 .debug_frame   0x00000c40      0x4a4 .\CortexM0\ARM_GCC_541\Debug\oxygen.a(CyLFClk.o)
 .debug_frame   0x000010e4       0xb0 .\CortexM0\ARM_GCC_541\Debug\oxygen.a(UART_SPI_UART.o)
 .debug_frame   0x00001194       0x2c .\CortexM0\ARM_GCC_541\Debug\oxygen.a(I2C_I2C_INT.o)
 .debug_frame   0x000011c0       0x90 .\CortexM0\ARM_GCC_541\Debug\oxygen.a(CyFlash.o)
 .debug_frame   0x00001250       0x20 c:/users/shahnaz/desktop/psoc creator/4.4/psoc creator/import/gnu/arm/5.4.1/bin/../lib/gcc/arm-none-eabi/5.4.1/armv6-m\libgcc.a(_udivsi3.o)
 .debug_frame   0x00001270       0x20 c:/users/shahnaz/desktop/psoc creator/4.4/psoc creator/import/gnu/arm/5.4.1/bin/../lib/gcc/arm-none-eabi/5.4.1/armv6-m\libgcc.a(_divsi3.o)
 .debug_frame   0x00001290       0x28 c:/users/shahnaz/desktop/psoc creator/4.4/psoc creator/import/gnu/arm/5.4.1/bin/../lib/gcc/arm-none-eabi/5.4.1/armv6-m\libgcc.a(_fixunssfsi.o)
 .debug_frame   0x000012b8       0x30 c:/users/shahnaz/desktop/psoc creator/4.4/psoc creator/import/gnu/arm/5.4.1/bin/../lib/gcc/arm-none-eabi/5.4.1/armv6-m\libgcc.a(addsf3.o)
 .debug_frame   0x000012e8       0x3c c:/users/shahnaz/desktop/psoc creator/4.4/psoc creator/import/gnu/arm/5.4.1/bin/../lib/gcc/arm-none-eabi/5.4.1/armv6-m\libgcc.a(divsf3.o)
 .debug_frame   0x00001324       0x38 c:/users/shahnaz/desktop/psoc creator/4.4/psoc creator/import/gnu/arm/5.4.1/bin/../lib/gcc/arm-none-eabi/5.4.1/armv6-m\libgcc.a(mulsf3.o)
 .debug_frame   0x0000135c       0x30 c:/users/shahnaz/desktop/psoc creator/4.4/psoc creator/import/gnu/arm/5.4.1/bin/../lib/gcc/arm-none-eabi/5.4.1/armv6-m\libgcc.a(subsf3.o)
 .debug_frame   0x0000138c       0x20 c:/users/shahnaz/desktop/psoc creator/4.4/psoc creator/import/gnu/arm/5.4.1/bin/../lib/gcc/arm-none-eabi/5.4.1/armv6-m\libgcc.a(fixsfsi.o)
 .debug_frame   0x000013ac       0x2c c:/users/shahnaz/desktop/psoc creator/4.4/psoc creator/import/gnu/arm/5.4.1/bin/../lib/gcc/arm-none-eabi/5.4.1/armv6-m\libgcc.a(floatunsisf.o)
 .debug_frame   0x000013d8       0x38 c:/users/shahnaz/desktop/psoc creator/4.4/psoc creator/import/gnu/arm/5.4.1/bin/../lib/gcc/arm-none-eabi/5.4.1/armv6-m\libgcc.a(eqdf2.o)
 .debug_frame   0x00001410       0x38 c:/users/shahnaz/desktop/psoc creator/4.4/psoc creator/import/gnu/arm/5.4.1/bin/../lib/gcc/arm-none-eabi/5.4.1/armv6-m\libgcc.a(gedf2.o)
 .debug_frame   0x00001448       0x38 c:/users/shahnaz/desktop/psoc creator/4.4/psoc creator/import/gnu/arm/5.4.1/bin/../lib/gcc/arm-none-eabi/5.4.1/armv6-m\libgcc.a(ledf2.o)
 .debug_frame   0x00001480       0x3c c:/users/shahnaz/desktop/psoc creator/4.4/psoc creator/import/gnu/arm/5.4.1/bin/../lib/gcc/arm-none-eabi/5.4.1/armv6-m\libgcc.a(muldf3.o)
 .debug_frame   0x000014bc       0x2c c:/users/shahnaz/desktop/psoc creator/4.4/psoc creator/import/gnu/arm/5.4.1/bin/../lib/gcc/arm-none-eabi/5.4.1/armv6-m\libgcc.a(extendsfdf2.o)
 .debug_frame   0x000014e8       0x2c c:/users/shahnaz/desktop/psoc creator/4.4/psoc creator/import/gnu/arm/5.4.1/bin/../lib/gcc/arm-none-eabi/5.4.1/armv6-m\libgcc.a(truncdfsf2.o)
 .debug_frame   0x00001514       0x2c c:/users/shahnaz/desktop/psoc creator/4.4/psoc creator/import/gnu/arm/5.4.1/bin/../lib/gcc/arm-none-eabi/5.4.1/armv6-m\libgcc.a(eqsf2.o)
 .debug_frame   0x00001540       0x30 c:/users/shahnaz/desktop/psoc creator/4.4/psoc creator/import/gnu/arm/5.4.1/bin/../lib/gcc/arm-none-eabi/5.4.1/armv6-m\libgcc.a(gesf2.o)
 .debug_frame   0x00001570       0x30 c:/users/shahnaz/desktop/psoc creator/4.4/psoc creator/import/gnu/arm/5.4.1/bin/../lib/gcc/arm-none-eabi/5.4.1/armv6-m\libgcc.a(lesf2.o)
 .debug_frame   0x000015a0       0x20 c:/users/shahnaz/desktop/psoc creator/4.4/psoc creator/import/gnu/arm/5.4.1/bin/../lib/gcc/arm-none-eabi/5.4.1/../../../../arm-none-eabi/lib/armv6-m\libg_nano.a(lib_a-errno.o)
 .debug_frame   0x000015c0       0x28 c:/users/shahnaz/desktop/psoc creator/4.4/psoc creator/import/gnu/arm/5.4.1/bin/../lib/gcc/arm-none-eabi/5.4.1/../../../../arm-none-eabi/lib/armv6-m\libg_nano.a(lib_a-exit.o)
 .debug_frame   0x000015e8       0x2c c:/users/shahnaz/desktop/psoc creator/4.4/psoc creator/import/gnu/arm/5.4.1/bin/../lib/gcc/arm-none-eabi/5.4.1/../../../../arm-none-eabi/lib/armv6-m\libg_nano.a(lib_a-init.o)
 .debug_frame   0x00001614       0x28 c:/users/shahnaz/desktop/psoc creator/4.4/psoc creator/import/gnu/arm/5.4.1/bin/../lib/gcc/arm-none-eabi/5.4.1/../../../../arm-none-eabi/lib/armv6-m\libg_nano.a(lib_a-memcpy-stub.o)
 .debug_frame   0x0000163c       0x20 c:/users/shahnaz/desktop/psoc creator/4.4/psoc creator/import/gnu/arm/5.4.1/bin/../lib/gcc/arm-none-eabi/5.4.1/../../../../arm-none-eabi/lib/armv6-m\libg_nano.a(lib_a-memset.o)
 .debug_frame   0x0000165c       0x50 c:/users/shahnaz/desktop/psoc creator/4.4/psoc creator/import/gnu/arm/5.4.1/bin/../lib/gcc/arm-none-eabi/5.4.1/../../../../arm-none-eabi/lib/armv6-m\libg_nano.a(lib_a-sprintf.o)
 .debug_frame   0x000016ac       0x74 c:/users/shahnaz/desktop/psoc creator/4.4/psoc creator/import/gnu/arm/5.4.1/bin/../lib/gcc/arm-none-eabi/5.4.1/../../../../arm-none-eabi/lib/armv6-m\libg_nano.a(lib_a-nano-svfprintf.o)
 .debug_frame   0x00001720       0x54 c:/users/shahnaz/desktop/psoc creator/4.4/psoc creator/import/gnu/arm/5.4.1/bin/../lib/gcc/arm-none-eabi/5.4.1/../../../../arm-none-eabi/lib/armv6-m\libg_nano.a(lib_a-nano-vfprintf_i.o)
 .debug_frame   0x00001774       0x20 c:/users/shahnaz/desktop/psoc creator/4.4/psoc creator/import/gnu/arm/5.4.1/bin/../lib/gcc/arm-none-eabi/5.4.1/../../../../arm-none-eabi/lib/armv6-m\libg_nano.a(lib_a-memchr-stub.o)
 .debug_frame   0x00001794       0x28 c:/users/shahnaz/desktop/psoc creator/4.4/psoc creator/import/gnu/arm/5.4.1/bin/../lib/gcc/arm-none-eabi/5.4.1/../../../../arm-none-eabi/lib/armv6-m\libg_nano.a(lib_a-memmove.o)
 .debug_frame   0x000017bc       0x2c c:/users/shahnaz/desktop/psoc creator/4.4/psoc creator/import/gnu/arm/5.4.1/bin/../lib/gcc/arm-none-eabi/5.4.1/../../../../arm-none-eabi/lib/armv6-m\libg_nano.a(lib_a-nano-freer.o)
 .debug_frame   0x000017e8       0x2c c:/users/shahnaz/desktop/psoc creator/4.4/psoc creator/import/gnu/arm/5.4.1/bin/../lib/gcc/arm-none-eabi/5.4.1/../../../../arm-none-eabi/lib/armv6-m\libg_nano.a(lib_a-nano-mallocr.o)
 .debug_frame   0x00001814       0x30 c:/users/shahnaz/desktop/psoc creator/4.4/psoc creator/import/gnu/arm/5.4.1/bin/../lib/gcc/arm-none-eabi/5.4.1/../../../../arm-none-eabi/lib/armv6-m\libg_nano.a(lib_a-nano-reallocr.o)
 .debug_frame   0x00001844       0x2c c:/users/shahnaz/desktop/psoc creator/4.4/psoc creator/import/gnu/arm/5.4.1/bin/../lib/gcc/arm-none-eabi/5.4.1/../../../../arm-none-eabi/lib/armv6-m\libg_nano.a(lib_a-sbrkr.o)
 .debug_frame   0x00001870       0x30 c:/users/shahnaz/desktop/psoc creator/4.4/psoc creator/import/gnu/arm/5.4.1/bin/../lib/gcc/arm-none-eabi/5.4.1/../../../../arm-none-eabi/lib/armv6-m\libg_nano.a(lib_a-mlock.o)
 .debug_frame   0x000018a0       0x20 c:/users/shahnaz/desktop/psoc creator/4.4/psoc creator/import/gnu/arm/5.4.1/bin/../lib/gcc/arm-none-eabi/5.4.1/../../../../arm-none-eabi/lib/armv6-m\libg_nano.a(lib_a-nano-msizer.o)
 .debug_frame   0x000018c0       0x48 c:/users/shahnaz/desktop/psoc creator/4.4/psoc creator/import/gnu/arm/5.4.1/bin/../lib/gcc/arm-none-eabi/5.4.1/../../../../arm-none-eabi/lib/armv6-m\libg_nano.a(lib_a-reent.o)

.debug_str      0x00000000     0x1b28
 *(.debug_str)
 .debug_str     0x00000000      0x217 .\CortexM0\ARM_GCC_541\Debug\main.o
                                0x25f (size before relaxing)
 .debug_str     0x00000217      0x13c .\CortexM0\ARM_GCC_541\Debug\libraryCopied.o
                                0x354 (size before relaxing)
 .debug_str     0x00000353      0x14c .\CortexM0\ARM_GCC_541\Debug\cyfitter_cfg.o
                                0x31e (size before relaxing)
 .debug_str     0x0000049f       0x59 .\CortexM0\ARM_GCC_541\Debug\cymetadata.o
                                0x1e9 (size before relaxing)
 .debug_str     0x000004f8      0x13a .\CortexM0\ARM_GCC_541\Debug\Cm0Start.o
                                0x322 (size before relaxing)
 .debug_str     0x00000632       0xf7 .\CortexM0\ARM_GCC_541\Debug\oxygen.a(UART.o)
                                0x2b8 (size before relaxing)
 .debug_str     0x00000729      0x1d8 .\CortexM0\ARM_GCC_541\Debug\oxygen.a(UART_UART.o)
                                0x3e9 (size before relaxing)
 .debug_str     0x00000901       0xfe .\CortexM0\ARM_GCC_541\Debug\oxygen.a(I2C.o)
                                0x2df (size before relaxing)
 .debug_str     0x000009ff       0x85 .\CortexM0\ARM_GCC_541\Debug\oxygen.a(I2C_I2C.o)
                                0x26f (size before relaxing)
 .debug_str     0x00000a84      0x222 .\CortexM0\ARM_GCC_541\Debug\oxygen.a(I2C_I2C_MASTER.o)
                                0x4d7 (size before relaxing)
 .debug_str     0x00000ca6      0x5cf .\CortexM0\ARM_GCC_541\Debug\oxygen.a(CyLib.o)
                                0x81e (size before relaxing)
 .debug_str     0x00001275      0x6e2 .\CortexM0\ARM_GCC_541\Debug\oxygen.a(CyLFClk.o)
                                0x93e (size before relaxing)
 .debug_str     0x00001957       0xe3 .\CortexM0\ARM_GCC_541\Debug\oxygen.a(UART_SPI_UART.o)
                                0x2ef (size before relaxing)
 .debug_str     0x00001a3a       0x47 .\CortexM0\ARM_GCC_541\Debug\oxygen.a(I2C_I2C_INT.o)
                                0x2df (size before relaxing)
 .debug_str     0x00001a81       0xa7 .\CortexM0\ARM_GCC_541\Debug\oxygen.a(CyFlash.o)
                                0x2d1 (size before relaxing)

.debug_loc      0x00000000     0x2c3d
 *(.debug_loc)
 .debug_loc     0x00000000       0x13 .\CortexM0\ARM_GCC_541\Debug\main.o
 .debug_loc     0x00000013      0x368 .\CortexM0\ARM_GCC_541\Debug\libraryCopied.o
 .debug_loc     0x0000037b      0x136 .\CortexM0\ARM_GCC_541\Debug\cyfitter_cfg.o
 .debug_loc     0x000004b1      0x14f .\CortexM0\ARM_GCC_541\Debug\Cm0Start.o
 .debug_loc     0x00000600       0x7e .\CortexM0\ARM_GCC_541\Debug\oxygen.a(UART.o)
 .debug_loc     0x0000067e      0x223 .\CortexM0\ARM_GCC_541\Debug\oxygen.a(UART_UART.o)
 .debug_loc     0x000008a1       0x7e .\CortexM0\ARM_GCC_541\Debug\oxygen.a(I2C.o)
 .debug_loc     0x0000091f      0xa49 .\CortexM0\ARM_GCC_541\Debug\oxygen.a(I2C_I2C_MASTER.o)
 .debug_loc     0x00001368      0x81c .\CortexM0\ARM_GCC_541\Debug\oxygen.a(CyLib.o)
 .debug_loc     0x00001b84      0xdb7 .\CortexM0\ARM_GCC_541\Debug\oxygen.a(CyLFClk.o)
 .debug_loc     0x0000293b       0x96 .\CortexM0\ARM_GCC_541\Debug\oxygen.a(UART_SPI_UART.o)
 .debug_loc     0x000029d1      0x10c .\CortexM0\ARM_GCC_541\Debug\oxygen.a(I2C_I2C_INT.o)
 .debug_loc     0x00002add      0x160 .\CortexM0\ARM_GCC_541\Debug\oxygen.a(CyFlash.o)

.debug_macinfo
 *(.debug_macinfo)

.debug_ranges   0x00000000      0x638
 *(.debug_ranges)
 .debug_ranges  0x00000000       0x10 .\CortexM0\ARM_GCC_541\Debug\main.o
 .debug_ranges  0x00000010       0x38 .\CortexM0\ARM_GCC_541\Debug\libraryCopied.o
 .debug_ranges  0x00000048       0x38 .\CortexM0\ARM_GCC_541\Debug\cyfitter_cfg.o
 .debug_ranges  0x00000080       0x38 .\CortexM0\ARM_GCC_541\Debug\Cm0Start.o
 .debug_ranges  0x000000b8       0x48 .\CortexM0\ARM_GCC_541\Debug\oxygen.a(UART.o)
 .debug_ranges  0x00000100       0x80 .\CortexM0\ARM_GCC_541\Debug\oxygen.a(UART_UART.o)
 .debug_ranges  0x00000180       0x50 .\CortexM0\ARM_GCC_541\Debug\oxygen.a(I2C.o)
 .debug_ranges  0x000001d0       0x20 .\CortexM0\ARM_GCC_541\Debug\oxygen.a(I2C_I2C.o)
 .debug_ranges  0x000001f0       0x88 .\CortexM0\ARM_GCC_541\Debug\oxygen.a(I2C_I2C_MASTER.o)
 .debug_ranges  0x00000278      0x1b8 .\CortexM0\ARM_GCC_541\Debug\oxygen.a(CyLib.o)
 .debug_ranges  0x00000430      0x178 .\CortexM0\ARM_GCC_541\Debug\oxygen.a(CyLFClk.o)
 .debug_ranges  0x000005a8       0x50 .\CortexM0\ARM_GCC_541\Debug\oxygen.a(UART_SPI_UART.o)
 .debug_ranges  0x000005f8       0x10 .\CortexM0\ARM_GCC_541\Debug\oxygen.a(I2C_I2C_INT.o)
 .debug_ranges  0x00000608       0x30 .\CortexM0\ARM_GCC_541\Debug\oxygen.a(CyFlash.o)

.comment        0x00000000       0x6e
 .comment       0x00000000       0x6e .\CortexM0\ARM_GCC_541\Debug\main.o
                                 0x6f (size before relaxing)
 .comment       0x0000006e       0x6f .\CortexM0\ARM_GCC_541\Debug\libraryCopied.o
 .comment       0x0000006e       0x6f .\CortexM0\ARM_GCC_541\Debug\cyfitter_cfg.o
 .comment       0x0000006e       0x6f .\CortexM0\ARM_GCC_541\Debug\cymetadata.o
 .comment       0x0000006e       0x6f .\CortexM0\ARM_GCC_541\Debug\Cm0Start.o
 .comment       0x0000006e       0x6f .\CortexM0\ARM_GCC_541\Debug\oxygen.a(UART.o)
 .comment       0x0000006e       0x6f .\CortexM0\ARM_GCC_541\Debug\oxygen.a(UART_UART.o)
 .comment       0x0000006e       0x6f .\CortexM0\ARM_GCC_541\Debug\oxygen.a(I2C.o)
 .comment       0x0000006e       0x6f .\CortexM0\ARM_GCC_541\Debug\oxygen.a(I2C_I2C.o)
 .comment       0x0000006e       0x6f .\CortexM0\ARM_GCC_541\Debug\oxygen.a(I2C_I2C_MASTER.o)
 .comment       0x0000006e       0x6f .\CortexM0\ARM_GCC_541\Debug\oxygen.a(CyLib.o)
 .comment       0x0000006e       0x6f .\CortexM0\ARM_GCC_541\Debug\oxygen.a(CyLFClk.o)
 .comment       0x0000006e       0x6f .\CortexM0\ARM_GCC_541\Debug\oxygen.a(UART_SPI_UART.o)
 .comment       0x0000006e       0x6f .\CortexM0\ARM_GCC_541\Debug\oxygen.a(I2C_I2C_INT.o)
 .comment       0x0000006e       0x6f .\CortexM0\ARM_GCC_541\Debug\oxygen.a(CyFlash.o)

.debug_weaknames
 *(.debug_weaknames)

.debug_funcnames
 *(.debug_funcnames)

.debug_typenames
 *(.debug_typenames)

.debug_varnames
 *(.debug_varnames)

.note.gnu.arm.ident
 *(.note.gnu.arm.ident)

.ARM.attributes
                0x00000000       0x28
 *(.ARM.attributes)
 .ARM.attributes
                0x00000000       0x1e c:/users/shahnaz/desktop/psoc creator/4.4/psoc creator/import/gnu/arm/5.4.1/bin/../lib/gcc/arm-none-eabi/5.4.1/armv6-m/crti.o
 .ARM.attributes
                0x0000001e       0x2c c:/users/shahnaz/desktop/psoc creator/4.4/psoc creator/import/gnu/arm/5.4.1/bin/../lib/gcc/arm-none-eabi/5.4.1/armv6-m/crtbegin.o
 .ARM.attributes
                0x0000004a       0x1b c:/users/shahnaz/desktop/psoc creator/4.4/psoc creator/import/gnu/arm/5.4.1/bin/../lib/gcc/arm-none-eabi/5.4.1/../../../../arm-none-eabi/lib/armv6-m/crt0.o
 .ARM.attributes
                0x00000065       0x31 .\CortexM0\ARM_GCC_541\Debug\main.o
 .ARM.attributes
                0x00000096       0x31 .\CortexM0\ARM_GCC_541\Debug\libraryCopied.o
 .ARM.attributes
                0x000000c7       0x31 .\CortexM0\ARM_GCC_541\Debug\cyfitter_cfg.o
 .ARM.attributes
                0x000000f8       0x31 .\CortexM0\ARM_GCC_541\Debug\cymetadata.o
 .ARM.attributes
                0x00000129       0x31 .\CortexM0\ARM_GCC_541\Debug\Cm0Start.o
 .ARM.attributes
                0x0000015a       0x31 .\CortexM0\ARM_GCC_541\Debug\oxygen.a(UART.o)
 .ARM.attributes
                0x0000018b       0x31 .\CortexM0\ARM_GCC_541\Debug\oxygen.a(UART_UART.o)
 .ARM.attributes
                0x000001bc       0x31 .\CortexM0\ARM_GCC_541\Debug\oxygen.a(I2C.o)
 .ARM.attributes
                0x000001ed       0x31 .\CortexM0\ARM_GCC_541\Debug\oxygen.a(I2C_I2C.o)
 .ARM.attributes
                0x0000021e       0x31 .\CortexM0\ARM_GCC_541\Debug\oxygen.a(I2C_I2C_MASTER.o)
 .ARM.attributes
                0x0000024f       0x31 .\CortexM0\ARM_GCC_541\Debug\oxygen.a(CyLib.o)
 .ARM.attributes
                0x00000280       0x31 .\CortexM0\ARM_GCC_541\Debug\oxygen.a(CyLFClk.o)
 .ARM.attributes
                0x000002b1       0x21 .\CortexM0\ARM_GCC_541\Debug\oxygen.a(CyBootAsmGnu.o)
 .ARM.attributes
                0x000002d2       0x31 .\CortexM0\ARM_GCC_541\Debug\oxygen.a(UART_SPI_UART.o)
 .ARM.attributes
                0x00000303       0x31 .\CortexM0\ARM_GCC_541\Debug\oxygen.a(I2C_I2C_INT.o)
 .ARM.attributes
                0x00000334       0x31 .\CortexM0\ARM_GCC_541\Debug\oxygen.a(CyFlash.o)
 .ARM.attributes
                0x00000365       0x1e c:/users/shahnaz/desktop/psoc creator/4.4/psoc creator/import/gnu/arm/5.4.1/bin/../lib/gcc/arm-none-eabi/5.4.1/armv6-m\libgcc.a(_udivsi3.o)
 .ARM.attributes
                0x00000383       0x1e c:/users/shahnaz/desktop/psoc creator/4.4/psoc creator/import/gnu/arm/5.4.1/bin/../lib/gcc/arm-none-eabi/5.4.1/armv6-m\libgcc.a(_divsi3.o)
 .ARM.attributes
                0x000003a1       0x1e c:/users/shahnaz/desktop/psoc creator/4.4/psoc creator/import/gnu/arm/5.4.1/bin/../lib/gcc/arm-none-eabi/5.4.1/armv6-m\libgcc.a(_dvmd_tls.o)
 .ARM.attributes
                0x000003bf       0x1e c:/users/shahnaz/desktop/psoc creator/4.4/psoc creator/import/gnu/arm/5.4.1/bin/../lib/gcc/arm-none-eabi/5.4.1/armv6-m\libgcc.a(_arm_cmpdf2.o)
 .ARM.attributes
                0x000003dd       0x2c c:/users/shahnaz/desktop/psoc creator/4.4/psoc creator/import/gnu/arm/5.4.1/bin/../lib/gcc/arm-none-eabi/5.4.1/armv6-m\libgcc.a(_fixunssfsi.o)
 .ARM.attributes
                0x00000409       0x2c c:/users/shahnaz/desktop/psoc creator/4.4/psoc creator/import/gnu/arm/5.4.1/bin/../lib/gcc/arm-none-eabi/5.4.1/armv6-m\libgcc.a(addsf3.o)
 .ARM.attributes
                0x00000435       0x2c c:/users/shahnaz/desktop/psoc creator/4.4/psoc creator/import/gnu/arm/5.4.1/bin/../lib/gcc/arm-none-eabi/5.4.1/armv6-m\libgcc.a(divsf3.o)
 .ARM.attributes
                0x00000461       0x2c c:/users/shahnaz/desktop/psoc creator/4.4/psoc creator/import/gnu/arm/5.4.1/bin/../lib/gcc/arm-none-eabi/5.4.1/armv6-m\libgcc.a(mulsf3.o)
 .ARM.attributes
                0x0000048d       0x2c c:/users/shahnaz/desktop/psoc creator/4.4/psoc creator/import/gnu/arm/5.4.1/bin/../lib/gcc/arm-none-eabi/5.4.1/armv6-m\libgcc.a(subsf3.o)
 .ARM.attributes
                0x000004b9       0x2c c:/users/shahnaz/desktop/psoc creator/4.4/psoc creator/import/gnu/arm/5.4.1/bin/../lib/gcc/arm-none-eabi/5.4.1/armv6-m\libgcc.a(fixsfsi.o)
 .ARM.attributes
                0x000004e5       0x2c c:/users/shahnaz/desktop/psoc creator/4.4/psoc creator/import/gnu/arm/5.4.1/bin/../lib/gcc/arm-none-eabi/5.4.1/armv6-m\libgcc.a(floatunsisf.o)
 .ARM.attributes
                0x00000511       0x2c c:/users/shahnaz/desktop/psoc creator/4.4/psoc creator/import/gnu/arm/5.4.1/bin/../lib/gcc/arm-none-eabi/5.4.1/armv6-m\libgcc.a(eqdf2.o)
 .ARM.attributes
                0x0000053d       0x2c c:/users/shahnaz/desktop/psoc creator/4.4/psoc creator/import/gnu/arm/5.4.1/bin/../lib/gcc/arm-none-eabi/5.4.1/armv6-m\libgcc.a(gedf2.o)
 .ARM.attributes
                0x00000569       0x2c c:/users/shahnaz/desktop/psoc creator/4.4/psoc creator/import/gnu/arm/5.4.1/bin/../lib/gcc/arm-none-eabi/5.4.1/armv6-m\libgcc.a(ledf2.o)
 .ARM.attributes
                0x00000595       0x2c c:/users/shahnaz/desktop/psoc creator/4.4/psoc creator/import/gnu/arm/5.4.1/bin/../lib/gcc/arm-none-eabi/5.4.1/armv6-m\libgcc.a(muldf3.o)
 .ARM.attributes
                0x000005c1       0x2c c:/users/shahnaz/desktop/psoc creator/4.4/psoc creator/import/gnu/arm/5.4.1/bin/../lib/gcc/arm-none-eabi/5.4.1/armv6-m\libgcc.a(extendsfdf2.o)
 .ARM.attributes
                0x000005ed       0x2c c:/users/shahnaz/desktop/psoc creator/4.4/psoc creator/import/gnu/arm/5.4.1/bin/../lib/gcc/arm-none-eabi/5.4.1/armv6-m\libgcc.a(truncdfsf2.o)
 .ARM.attributes
                0x00000619       0x1e c:/users/shahnaz/desktop/psoc creator/4.4/psoc creator/import/gnu/arm/5.4.1/bin/../lib/gcc/arm-none-eabi/5.4.1/armv6-m\libgcc.a(_arm_cmpsf2.o)
 .ARM.attributes
                0x00000637       0x1e c:/users/shahnaz/desktop/psoc creator/4.4/psoc creator/import/gnu/arm/5.4.1/bin/../lib/gcc/arm-none-eabi/5.4.1/armv6-m\libgcc.a(_clzsi2.o)
 .ARM.attributes
                0x00000655       0x2c c:/users/shahnaz/desktop/psoc creator/4.4/psoc creator/import/gnu/arm/5.4.1/bin/../lib/gcc/arm-none-eabi/5.4.1/armv6-m\libgcc.a(eqsf2.o)
 .ARM.attributes
                0x00000681       0x2c c:/users/shahnaz/desktop/psoc creator/4.4/psoc creator/import/gnu/arm/5.4.1/bin/../lib/gcc/arm-none-eabi/5.4.1/armv6-m\libgcc.a(gesf2.o)
 .ARM.attributes
                0x000006ad       0x2c c:/users/shahnaz/desktop/psoc creator/4.4/psoc creator/import/gnu/arm/5.4.1/bin/../lib/gcc/arm-none-eabi/5.4.1/armv6-m\libgcc.a(lesf2.o)
 .ARM.attributes
                0x000006d9       0x2c c:/users/shahnaz/desktop/psoc creator/4.4/psoc creator/import/gnu/arm/5.4.1/bin/../lib/gcc/arm-none-eabi/5.4.1/../../../../arm-none-eabi/lib/armv6-m\libg_nano.a(lib_a-errno.o)
 .ARM.attributes
                0x00000705       0x2c c:/users/shahnaz/desktop/psoc creator/4.4/psoc creator/import/gnu/arm/5.4.1/bin/../lib/gcc/arm-none-eabi/5.4.1/../../../../arm-none-eabi/lib/armv6-m\libg_nano.a(lib_a-exit.o)
 .ARM.attributes
                0x00000731       0x2c c:/users/shahnaz/desktop/psoc creator/4.4/psoc creator/import/gnu/arm/5.4.1/bin/../lib/gcc/arm-none-eabi/5.4.1/../../../../arm-none-eabi/lib/armv6-m\libg_nano.a(lib_a-impure.o)
 .ARM.attributes
                0x0000075d       0x2c c:/users/shahnaz/desktop/psoc creator/4.4/psoc creator/import/gnu/arm/5.4.1/bin/../lib/gcc/arm-none-eabi/5.4.1/../../../../arm-none-eabi/lib/armv6-m\libg_nano.a(lib_a-init.o)
 .ARM.attributes
                0x00000789       0x2c c:/users/shahnaz/desktop/psoc creator/4.4/psoc creator/import/gnu/arm/5.4.1/bin/../lib/gcc/arm-none-eabi/5.4.1/../../../../arm-none-eabi/lib/armv6-m\libg_nano.a(lib_a-memcpy-stub.o)
 .ARM.attributes
                0x000007b5       0x2c c:/users/shahnaz/desktop/psoc creator/4.4/psoc creator/import/gnu/arm/5.4.1/bin/../lib/gcc/arm-none-eabi/5.4.1/../../../../arm-none-eabi/lib/armv6-m\libg_nano.a(lib_a-memset.o)
 .ARM.attributes
                0x000007e1       0x2c c:/users/shahnaz/desktop/psoc creator/4.4/psoc creator/import/gnu/arm/5.4.1/bin/../lib/gcc/arm-none-eabi/5.4.1/../../../../arm-none-eabi/lib/armv6-m\libg_nano.a(lib_a-sprintf.o)
 .ARM.attributes
                0x0000080d       0x2c c:/users/shahnaz/desktop/psoc creator/4.4/psoc creator/import/gnu/arm/5.4.1/bin/../lib/gcc/arm-none-eabi/5.4.1/../../../../arm-none-eabi/lib/armv6-m\libg_nano.a(lib_a-nano-svfprintf.o)
 .ARM.attributes
                0x00000839       0x2c c:/users/shahnaz/desktop/psoc creator/4.4/psoc creator/import/gnu/arm/5.4.1/bin/../lib/gcc/arm-none-eabi/5.4.1/../../../../arm-none-eabi/lib/armv6-m\libg_nano.a(lib_a-nano-vfprintf_i.o)
 .ARM.attributes
                0x00000865       0x2c c:/users/shahnaz/desktop/psoc creator/4.4/psoc creator/import/gnu/arm/5.4.1/bin/../lib/gcc/arm-none-eabi/5.4.1/../../../../arm-none-eabi/lib/armv6-m\libg_nano.a(lib_a-memchr-stub.o)
 .ARM.attributes
                0x00000891       0x2c c:/users/shahnaz/desktop/psoc creator/4.4/psoc creator/import/gnu/arm/5.4.1/bin/../lib/gcc/arm-none-eabi/5.4.1/../../../../arm-none-eabi/lib/armv6-m\libg_nano.a(lib_a-memmove.o)
 .ARM.attributes
                0x000008bd       0x2c c:/users/shahnaz/desktop/psoc creator/4.4/psoc creator/import/gnu/arm/5.4.1/bin/../lib/gcc/arm-none-eabi/5.4.1/../../../../arm-none-eabi/lib/armv6-m\libg_nano.a(lib_a-nano-freer.o)
 .ARM.attributes
                0x000008e9       0x2c c:/users/shahnaz/desktop/psoc creator/4.4/psoc creator/import/gnu/arm/5.4.1/bin/../lib/gcc/arm-none-eabi/5.4.1/../../../../arm-none-eabi/lib/armv6-m\libg_nano.a(lib_a-nano-mallocr.o)
 .ARM.attributes
                0x00000915       0x2c c:/users/shahnaz/desktop/psoc creator/4.4/psoc creator/import/gnu/arm/5.4.1/bin/../lib/gcc/arm-none-eabi/5.4.1/../../../../arm-none-eabi/lib/armv6-m\libg_nano.a(lib_a-nano-reallocr.o)
 .ARM.attributes
                0x00000941       0x2c c:/users/shahnaz/desktop/psoc creator/4.4/psoc creator/import/gnu/arm/5.4.1/bin/../lib/gcc/arm-none-eabi/5.4.1/../../../../arm-none-eabi/lib/armv6-m\libg_nano.a(lib_a-sbrkr.o)
 .ARM.attributes
                0x0000096d       0x2c c:/users/shahnaz/desktop/psoc creator/4.4/psoc creator/import/gnu/arm/5.4.1/bin/../lib/gcc/arm-none-eabi/5.4.1/../../../../arm-none-eabi/lib/armv6-m\libg_nano.a(lib_a-mlock.o)
 .ARM.attributes
                0x00000999       0x2c c:/users/shahnaz/desktop/psoc creator/4.4/psoc creator/import/gnu/arm/5.4.1/bin/../lib/gcc/arm-none-eabi/5.4.1/../../../../arm-none-eabi/lib/armv6-m\libg_nano.a(lib_a-nano-msizer.o)
 .ARM.attributes
                0x000009c5       0x2c c:/users/shahnaz/desktop/psoc creator/4.4/psoc creator/import/gnu/arm/5.4.1/bin/../lib/gcc/arm-none-eabi/5.4.1/../../../../arm-none-eabi/lib/armv6-m\libg_nano.a(lib_a-reent.o)
 .ARM.attributes
                0x000009f1       0x2c c:/users/shahnaz/desktop/psoc creator/4.4/psoc creator/import/gnu/arm/5.4.1/bin/../lib/gcc/arm-none-eabi/5.4.1/armv6-m/crtend.o
 .ARM.attributes
                0x00000a1d       0x1e c:/users/shahnaz/desktop/psoc creator/4.4/psoc creator/import/gnu/arm/5.4.1/bin/../lib/gcc/arm-none-eabi/5.4.1/armv6-m/crtn.o

/DISCARD/
 *(.note.GNU-stack)
OUTPUT(C:\Users\shahnaz\Documents\GitHub\Science_Sensor_Board\testing_sensors\oxygen testing\oxygen.cydsn\CortexM0\ARM_GCC_541\Debug\oxygen.elf elf32-littlearm)
