Archive member included to satisfy reference by file (symbol)

.\CortexM0\ARM_GCC_541\Debug\gas sensor.a(ADC.o)
                              .\CortexM0\ARM_GCC_541\Debug\main.o (ADC_Start)
.\CortexM0\ARM_GCC_541\Debug\gas sensor.a(ADC_INT.o)
                              .\CortexM0\ARM_GCC_541\Debug\gas sensor.a(ADC.o) (ADC_ISR)
.\CortexM0\ARM_GCC_541\Debug\gas sensor.a(UART.o)
                              .\CortexM0\ARM_GCC_541\Debug\main.o (UART_Start)
.\CortexM0\ARM_GCC_541\Debug\gas sensor.a(UART_UART.o)
                              .\CortexM0\ARM_GCC_541\Debug\gas sensor.a(UART.o) (UART_UartInit)
.\CortexM0\ARM_GCC_541\Debug\gas sensor.a(CyLib.o)
                              .\CortexM0\ARM_GCC_541\Debug\cyfitter_cfg.o (CyIntEnable)
.\CortexM0\ARM_GCC_541\Debug\gas sensor.a(CyLFClk.o)
                              .\CortexM0\ARM_GCC_541\Debug\gas sensor.a(CyLib.o) (CySysClkWcoEnabled)
.\CortexM0\ARM_GCC_541\Debug\gas sensor.a(CyBootAsmGnu.o)
                              .\CortexM0\ARM_GCC_541\Debug\gas sensor.a(CyLib.o) (CyDelayCycles)
.\CortexM0\ARM_GCC_541\Debug\gas sensor.a(UART_SPI_UART.o)
                              .\CortexM0\ARM_GCC_541\Debug\gas sensor.a(UART_UART.o) (UART_SpiUartReadRxData)
.\CortexM0\ARM_GCC_541\Debug\gas sensor.a(CyFlash.o)
                              .\CortexM0\ARM_GCC_541\Debug\gas sensor.a(CyLib.o) (CySysFlashSetWaitCycles)
c:/users/shahnaz/desktop/psoc creator/4.4/psoc creator/import/gnu/arm/5.4.1/bin/../lib/gcc/arm-none-eabi/5.4.1/armv6-m\libgcc.a(_udivsi3.o)
                              .\CortexM0\ARM_GCC_541\Debug\gas sensor.a(CyLib.o) (__aeabi_uidiv)
c:/users/shahnaz/desktop/psoc creator/4.4/psoc creator/import/gnu/arm/5.4.1/bin/../lib/gcc/arm-none-eabi/5.4.1/armv6-m\libgcc.a(_divsi3.o)
                              .\CortexM0\ARM_GCC_541\Debug\gas sensor.a(ADC.o) (__aeabi_idiv)
c:/users/shahnaz/desktop/psoc creator/4.4/psoc creator/import/gnu/arm/5.4.1/bin/../lib/gcc/arm-none-eabi/5.4.1/armv6-m\libgcc.a(_dvmd_tls.o)
                              c:/users/shahnaz/desktop/psoc creator/4.4/psoc creator/import/gnu/arm/5.4.1/bin/../lib/gcc/arm-none-eabi/5.4.1/armv6-m\libgcc.a(_udivsi3.o) (__aeabi_idiv0)
c:/users/shahnaz/desktop/psoc creator/4.4/psoc creator/import/gnu/arm/5.4.1/bin/../lib/gcc/arm-none-eabi/5.4.1/armv6-m\libgcc.a(_aeabi_ldivmod.o)
                              .\CortexM0\ARM_GCC_541\Debug\gas sensor.a(ADC.o) (__aeabi_ldivmod)
c:/users/shahnaz/desktop/psoc creator/4.4/psoc creator/import/gnu/arm/5.4.1/bin/../lib/gcc/arm-none-eabi/5.4.1/armv6-m\libgcc.a(_muldi3.o)
                              .\CortexM0\ARM_GCC_541\Debug\gas sensor.a(ADC.o) (__aeabi_lmul)
c:/users/shahnaz/desktop/psoc creator/4.4/psoc creator/import/gnu/arm/5.4.1/bin/../lib/gcc/arm-none-eabi/5.4.1/armv6-m\libgcc.a(bpabi.o)
                              c:/users/shahnaz/desktop/psoc creator/4.4/psoc creator/import/gnu/arm/5.4.1/bin/../lib/gcc/arm-none-eabi/5.4.1/armv6-m\libgcc.a(_aeabi_ldivmod.o) (__gnu_ldivmod_helper)
c:/users/shahnaz/desktop/psoc creator/4.4/psoc creator/import/gnu/arm/5.4.1/bin/../lib/gcc/arm-none-eabi/5.4.1/armv6-m\libgcc.a(divsf3.o)
                              .\CortexM0\ARM_GCC_541\Debug\gas sensor.a(ADC.o) (__aeabi_fdiv)
c:/users/shahnaz/desktop/psoc creator/4.4/psoc creator/import/gnu/arm/5.4.1/bin/../lib/gcc/arm-none-eabi/5.4.1/armv6-m\libgcc.a(mulsf3.o)
                              .\CortexM0\ARM_GCC_541\Debug\gas sensor.a(ADC.o) (__aeabi_fmul)
c:/users/shahnaz/desktop/psoc creator/4.4/psoc creator/import/gnu/arm/5.4.1/bin/../lib/gcc/arm-none-eabi/5.4.1/armv6-m\libgcc.a(floatsisf.o)
                              .\CortexM0\ARM_GCC_541\Debug\gas sensor.a(ADC.o) (__aeabi_i2f)
c:/users/shahnaz/desktop/psoc creator/4.4/psoc creator/import/gnu/arm/5.4.1/bin/../lib/gcc/arm-none-eabi/5.4.1/armv6-m\libgcc.a(_clzsi2.o)
                              c:/users/shahnaz/desktop/psoc creator/4.4/psoc creator/import/gnu/arm/5.4.1/bin/../lib/gcc/arm-none-eabi/5.4.1/armv6-m\libgcc.a(divsf3.o) (__clzsi2)
c:/users/shahnaz/desktop/psoc creator/4.4/psoc creator/import/gnu/arm/5.4.1/bin/../lib/gcc/arm-none-eabi/5.4.1/armv6-m\libgcc.a(_divdi3.o)
                              c:/users/shahnaz/desktop/psoc creator/4.4/psoc creator/import/gnu/arm/5.4.1/bin/../lib/gcc/arm-none-eabi/5.4.1/armv6-m\libgcc.a(bpabi.o) (__divdi3)
c:/users/shahnaz/desktop/psoc creator/4.4/psoc creator/import/gnu/arm/5.4.1/bin/../lib/gcc/arm-none-eabi/5.4.1/armv6-m\libgcc.a(_clzdi2.o)
                              c:/users/shahnaz/desktop/psoc creator/4.4/psoc creator/import/gnu/arm/5.4.1/bin/../lib/gcc/arm-none-eabi/5.4.1/armv6-m\libgcc.a(_divdi3.o) (__clzdi2)
c:/users/shahnaz/desktop/psoc creator/4.4/psoc creator/import/gnu/arm/5.4.1/bin/../lib/gcc/arm-none-eabi/5.4.1/../../../../arm-none-eabi/lib/armv6-m\libg_nano.a(lib_a-errno.o)
                              .\CortexM0\ARM_GCC_541\Debug\Cm0Start.o (__errno)
[...]
Memory Configuration

Name             Origin             Length             Attributes
rom              0x00000000         0x00020000         xr
ram              0x20000000         0x00004000         xrw
*default*        0x00000000         0xffffffff

Linker script and memory map

LOAD c:/users/shahnaz/desktop/psoc creator/4.4/psoc creator/import/gnu/arm/5.4.1/bin/../lib/gcc/arm-none-eabi/5.4.1/armv6-m/crti.o
LOAD c:/users/shahnaz/desktop/psoc creator/4.4/psoc creator/import/gnu/arm/5.4.1/bin/../lib/gcc/arm-none-eabi/5.4.1/armv6-m/crtbegin.o
LOAD c:/users/shahnaz/desktop/psoc creator/4.4/psoc creator/import/gnu/arm/5.4.1/bin/../lib/gcc/arm-none-eabi/5.4.1/../../../../arm-none-eabi/lib/armv6-m/crt0.o
START GROUP
LOAD .\CortexM0\ARM_GCC_541\Debug\main.o
LOAD .\CortexM0\ARM_GCC_541\Debug\cyfitter_cfg.o
LOAD .\CortexM0\ARM_GCC_541\Debug\cymetadata.o
LOAD .\CortexM0\ARM_GCC_541\Debug\Cm0Start.o
LOAD .\CortexM0\ARM_GCC_541\Debug\gas sensor.a
LOAD C:\Users\shahnaz\Desktop\PSoC Creator\4.4\PSoC Creator\psoc\content\CyComponentLibrary\CyComponentLibrary.cylib\CapSense_CSD_P4_v2_60\PSoC4\Library\CapsenseP4Library_GCC.a
END GROUP
START GROUP
LOAD c:/users/shahnaz/desktop/psoc creator/4.4/psoc creator/import/gnu/arm/5.4.1/bin/../lib/gcc/arm-none-eabi/5.4.1/armv6-m\libgcc.a
LOAD c:/users/shahnaz/desktop/psoc creator/4.4/psoc creator/import/gnu/arm/5.4.1/bin/../lib/gcc/arm-none-eabi/5.4.1/../../../../arm-none-eabi/lib/armv6-m\libg_nano.a
LOAD c:/users/shahnaz/desktop/psoc creator/4.4/psoc creator/import/gnu/arm/5.4.1/bin/../lib/gcc/arm-none-eabi/5.4.1/../../../../arm-none-eabi/lib/armv6-m\libc_nano.a
END GROUP
START GROUP
LOAD c:/users/shahnaz/desktop/psoc creator/4.4/psoc creator/import/gnu/arm/5.4.1/bin/../lib/gcc/arm-none-eabi/5.4.1/armv6-m\libgcc.a
LOAD c:/users/shahnaz/desktop/psoc creator/4.4/psoc creator/import/gnu/arm/5.4.1/bin/../lib/gcc/arm-none-eabi/5.4.1/../../../../arm-none-eabi/lib/armv6-m\libc_nano.a
END GROUP
LOAD c:/users/shahnaz/desktop/psoc creator/4.4/psoc creator/import/gnu/arm/5.4.1/bin/../lib/gcc/arm-none-eabi/5.4.1/armv6-m/crtend.o
LOAD c:/users/shahnaz/desktop/psoc creator/4.4/psoc creator/import/gnu/arm/5.4.1/bin/../lib/gcc/arm-none-eabi/5.4.1/armv6-m/crtn.o
START GROUP
LOAD c:/users/shahnaz/desktop/psoc creator/4.4/psoc creator/import/gnu/arm/5.4.1/bin/../lib/gcc/arm-none-eabi/5.4.1/armv6-m\libgcc.a
LOAD c:/users/shahnaz/desktop/psoc creator/4.4/psoc creator/import/gnu/arm/5.4.1/bin/../lib/gcc/arm-none-eabi/5.4.1/../../../../arm-none-eabi/lib/armv6-m\libc.a
LOAD c:/users/shahnaz/desktop/psoc creator/4.4/psoc creator/import/gnu/arm/5.4.1/bin/../lib/gcc/arm-none-eabi/5.4.1/../../../../arm-none-eabi/lib/armv6-m\libnosys.a
END GROUP
                0x00000000                CY_APPL_ORIGIN = 0x0
                0x00000080                CY_FLASH_ROW_SIZE = 0x80
                0x00000001                CY_APPL_NUM = 0x1
                0x00000001                CY_APPL_MAX = 0x1
                0x00000040                CY_METADATA_SIZE = 0x40
                0x00000000                CY_APPL_LOADABLE = 0x0
                0x00000000                CY_CHECKSUM_EXCLUDE_SIZE = ALIGN (0x0, CY_FLASH_ROW_SIZE)
                0x00000000                CY_APP_FOR_STACK_AND_COPIER = 0x0
                [!provide]                PROVIDE (__cy_heap_start, _end)
                0x00000001                PROVIDE (__cy_region_num, ((__cy_regions_end - __cy_regions) / 0x10))
                0x20004000                PROVIDE (__cy_stack, (ORIGIN (ram) + LENGTH (ram)))
                [!provide]                PROVIDE (__cy_heap_end, (__cy_stack - 0x800))

.cybootloader   0x00000000        0x0
 *(.cybootloader)
                0x00000000                appl1_start = CY_APPL_ORIGIN?CY_APPL_ORIGIN:ALIGN (CY_FLASH_ROW_SIZE)
                0x0000ff80                appl2_start = (appl1_start + ALIGN ((((LENGTH (rom) - appl1_start) - (0x2 * CY_FLASH_ROW_SIZE)) / 0x2), CY_FLASH_ROW_SIZE))
                0x00000000                appl_start = (CY_APPL_NUM == 0x1)?appl1_start:appl2_start
                0x00000001                cy_project_type_bootloader = (appl_start == 0x0)?0x1:0x0
                0x00000000                cy_project_type_app_for_stack_and_copier = (CY_APP_FOR_STACK_AND_COPIER == 0x1)?0x1:0x0

.text           0x00000000     0x17da
 CREATE_OBJECT_SYMBOLS
                0x00000000                PROVIDE (__cy_interrupt_vector, RomVectors)
 *(.romvectors)
 .romvectors    0x00000000       0x10 .\CortexM0\ARM_GCC_541\Debug\Cm0Start.o
                0x00000000                RomVectors
                0x00000001                ASSERT ((. != __cy_interrupt_vector), No interrupt vector)
                0x00000001                ASSERT (CY_APPL_ORIGIN?(SIZEOF (.cybootloader) <= CY_APPL_ORIGIN):0x1, Wrong image location)
                0x00000010                PROVIDE (__cy_reset, Reset)
 *(.text.Reset)
 .text.Reset    0x00000010        0x8 .\CortexM0\ARM_GCC_541\Debug\Cm0Start.o
                0x00000010                Reset
                0x00000001                ASSERT ((. != __cy_reset), No reset code)
 *(.psocinit)
 .psocinit      0x00000018      0x32c .\CortexM0\ARM_GCC_541\Debug\cyfitter_cfg.o
                0x00000158                cyfitter_cfg
                0x00000344                . = MAX (., 0x100)
 *(.text .text.* .gnu.linkonce.t.*)
 .text          0x00000344       0x60 c:/users/shahnaz/desktop/psoc creator/4.4/psoc creator/import/gnu/arm/5.4.1/bin/../lib/gcc/arm-none-eabi/5.4.1/armv6-m/crtbegin.o
 .text.main     0x000003a4       0x48 .\CortexM0\ARM_GCC_541\Debug\main.o
                0x000003a4                main
 .text.cfg_write_bytes32
                0x000003ec       0x34 .\CortexM0\ARM_GCC_541\Debug\cyfitter_cfg.o
 .text.CYMEMZERO
                0x00000420        0xc .\CortexM0\ARM_GCC_541\Debug\cyfitter_cfg.o
 .text.SetAnalogRoutingPumps
                0x0000042c       0x20 .\CortexM0\ARM_GCC_541\Debug\cyfitter_cfg.o
                0x0000042c                SetAnalogRoutingPumps
 .text.AnalogSetDefault
                0x0000044c       0x7c .\CortexM0\ARM_GCC_541\Debug\cyfitter_cfg.o
 .text.IntDefaultHandler
                0x000004c8       0x10 .\CortexM0\ARM_GCC_541\Debug\Cm0Start.o
                0x000004c8                IntDefaultHandler
 .text._sbrk    0x000004d8       0x30 .\CortexM0\ARM_GCC_541\Debug\Cm0Start.o
                0x000004d8                _sbrk
 .text.Start_c  0x00000508       0x48 .\CortexM0\ARM_GCC_541\Debug\Cm0Start.o
                0x00000508                Start_c
 .text.initialize_psoc
                0x00000550       0x4c .\CortexM0\ARM_GCC_541\Debug\Cm0Start.o
                0x00000550                initialize_psoc
 .text.ADC_Init
                0x0000059c      0x1a8 .\CortexM0\ARM_GCC_541\Debug\gas sensor.a(ADC.o)
                0x0000059c                ADC_Init
 .text.ADC_Enable
                0x00000744       0x30 .\CortexM0\ARM_GCC_541\Debug\gas sensor.a(ADC.o)
                0x00000744                ADC_Enable
 .text.ADC_Start
                0x00000774       0x20 .\CortexM0\ARM_GCC_541\Debug\gas sensor.a(ADC.o)
                0x00000774                ADC_Start
 .text.ADC_StartConvert
                0x00000794       0x14 .\CortexM0\ARM_GCC_541\Debug\gas sensor.a(ADC.o)
                0x00000794                ADC_StartConvert
 .text.ADC_IsEndConversion
                0x000007a8       0x4c .\CortexM0\ARM_GCC_541\Debug\gas sensor.a(ADC.o)
                0x000007a8                ADC_IsEndConversion
 .text.ADC_GetResult16
                0x000007f4       0x38 .\CortexM0\ARM_GCC_541\Debug\gas sensor.a(ADC.o)
                0x000007f4                ADC_GetResult16
 .text.ADC_ISR  0x0000082c        0xc .\CortexM0\ARM_GCC_541\Debug\gas sensor.a(ADC_INT.o)
                0x0000082c                ADC_ISR
 .text.UART_ScbModePostEnable
                0x00000838        0x8 .\CortexM0\ARM_GCC_541\Debug\gas sensor.a(UART.o)
 .text.UART_Init
                0x00000840        0x8 .\CortexM0\ARM_GCC_541\Debug\gas sensor.a(UART.o)
                0x00000840                UART_Init
 .text.UART_Enable
                0x00000848       0x18 .\CortexM0\ARM_GCC_541\Debug\gas sensor.a(UART.o)
                0x00000848                UART_Enable
 .text.UART_Start
                0x00000860       0x20 .\CortexM0\ARM_GCC_541\Debug\gas sensor.a(UART.o)
                0x00000860                UART_Start
 .text.UART_UartInit
                0x00000880       0xa8 .\CortexM0\ARM_GCC_541\Debug\gas sensor.a(UART_UART.o)
                0x00000880                UART_UartInit
 .text.UART_UartPostEnable
                0x00000928       0x24 .\CortexM0\ARM_GCC_541\Debug\gas sensor.a(UART_UART.o)
                0x00000928                UART_UartPostEnable
 .text.UART_UartPutString
                0x0000094c       0x18 .\CortexM0\ARM_GCC_541\Debug\gas sensor.a(UART_UART.o)
                0x0000094c                UART_UartPutString
 .text.CySysClkImoDisableWcoLock
                0x00000964       0x54 .\CortexM0\ARM_GCC_541\Debug\gas sensor.a(CyLib.o)
                0x00000964                CySysClkImoDisableWcoLock
 .text.CySysClkImoGetWcoLock
                0x000009b8       0x14 .\CortexM0\ARM_GCC_541\Debug\gas sensor.a(CyLib.o)
                0x000009b8                CySysClkImoGetWcoLock
 .text.CyIntEnable
                0x000009cc       0x14 .\CortexM0\ARM_GCC_541\Debug\gas sensor.a(CyLib.o)
                0x000009cc                CyIntEnable
 .text.CyHalt   0x000009e0        0x4 .\CortexM0\ARM_GCC_541\Debug\gas sensor.a(CyLib.o)
                0x000009e0                CyHalt
 .text.CyIntSetVector
                0x000009e4       0x24 .\CortexM0\ARM_GCC_541\Debug\gas sensor.a(CyLib.o)
                0x000009e4                CyIntSetVector
 .text.CyIntSetPriority
                0x00000a08       0x4c .\CortexM0\ARM_GCC_541\Debug\gas sensor.a(CyLib.o)
                0x00000a08                CyIntSetPriority
 .text.CyDelay  0x00000a54       0x30 .\CortexM0\ARM_GCC_541\Debug\gas sensor.a(CyLib.o)
                0x00000a54                CyDelay
 .text.CySysClkImoEnableWcoLock
                0x00000a84       0xf4 .\CortexM0\ARM_GCC_541\Debug\gas sensor.a(CyLib.o)
                0x00000a84                CySysClkImoEnableWcoLock
 .text.CySysClkWriteImoFreq
                0x00000b78       0x80 .\CortexM0\ARM_GCC_541\Debug\gas sensor.a(CyLib.o)
                0x00000b78                CySysClkWriteImoFreq
 .text.CyDelayUs
                0x00000bf8       0x14 .\CortexM0\ARM_GCC_541\Debug\gas sensor.a(CyLib.o)
                0x00000bf8                CyDelayUs
 .text.CySysWdtLocked
                0x00000c0c       0x14 .\CortexM0\ARM_GCC_541\Debug\gas sensor.a(CyLFClk.o)
 .text.CySysClkWcoEnabled
                0x00000c20       0x14 .\CortexM0\ARM_GCC_541\Debug\gas sensor.a(CyLFClk.o)
                0x00000c20                CySysClkWcoEnabled
 .text.CySysWdtLock
                0x00000c34       0x1c .\CortexM0\ARM_GCC_541\Debug\gas sensor.a(CyLFClk.o)
                0x00000c34                CySysWdtLock
 .text.CySysWdtUnlock
                0x00000c50       0x30 .\CortexM0\ARM_GCC_541\Debug\gas sensor.a(CyLFClk.o)
                0x00000c50                CySysWdtUnlock
 .text.CySysWdtClearInterrupt
                0x00000c80       0x4c .\CortexM0\ARM_GCC_541\Debug\gas sensor.a(CyLFClk.o)
                0x00000c80                CySysWdtClearInterrupt
 .text.CySysWdtIsr
                0x00000ccc       0xa4 .\CortexM0\ARM_GCC_541\Debug\gas sensor.a(CyLFClk.o)
                0x00000ccc                CySysWdtIsr
 .text          0x00000d70       0x20 .\CortexM0\ARM_GCC_541\Debug\gas sensor.a(CyBootAsmGnu.o)
                0x00000d70                CyDelayCycles
                0x00000d82                CyEnterCriticalSection
                0x00000d8a                CyExitCriticalSection
 .text.UART_SpiUartWriteTxData
                0x00000d90       0x1c .\CortexM0\ARM_GCC_541\Debug\gas sensor.a(UART_SPI_UART.o)
                0x00000d90                UART_SpiUartWriteTxData
 .text.CySysFlashSetWaitCycles
                0x00000dac       0x54 .\CortexM0\ARM_GCC_541\Debug\gas sensor.a(CyFlash.o)
                0x00000dac                CySysFlashSetWaitCycles
 .text          0x00000e00      0x114 c:/users/shahnaz/desktop/psoc creator/4.4/psoc creator/import/gnu/arm/5.4.1/bin/../lib/gcc/arm-none-eabi/5.4.1/armv6-m\libgcc.a(_udivsi3.o)
                0x00000e00                __aeabi_uidiv
                0x00000e00                __udivsi3
                0x00000f0c                __aeabi_uidivmod
 .text          0x00000f14        0x4 c:/users/shahnaz/desktop/psoc creator/4.4/psoc creator/import/gnu/arm/5.4.1/bin/../lib/gcc/arm-none-eabi/5.4.1/armv6-m\libgcc.a(_dvmd_tls.o)
                0x00000f14                __aeabi_idiv0
                0x00000f14                __aeabi_ldiv0
 .text.__errno  0x00000f18        0xc c:/users/shahnaz/desktop/psoc creator/4.4/psoc creator/import/gnu/arm/5.4.1/bin/../lib/gcc/arm-none-eabi/5.4.1/../../../../arm-none-eabi/lib/armv6-m\libg_nano.a(lib_a-errno.o)
                0x00000f18                __errno
 .text.__libc_init_array
                0x00000f24       0x4c c:/users/shahnaz/desktop/psoc creator/4.4/psoc creator/import/gnu/arm/5.4.1/bin/../lib/gcc/arm-none-eabi/5.4.1/../../../../arm-none-eabi/lib/armv6-m\libg_nano.a(lib_a-init.o)
                0x00000f24                __libc_init_array
 .text.memcpy   0x00000f70       0x12 c:/users/shahnaz/desktop/psoc creator/4.4/psoc creator/import/gnu/arm/5.4.1/bin/../lib/gcc/arm-none-eabi/5.4.1/../../../../arm-none-eabi/lib/armv6-m\libg_nano.a(lib_a-memcpy-stub.o)
                0x00000f70                memcpy
 .text.memset   0x00000f82       0x10 c:/users/shahnaz/desktop/psoc creator/4.4/psoc creator/import/gnu/arm/5.4.1/bin/../lib/gcc/arm-none-eabi/5.4.1/../../../../arm-none-eabi/lib/armv6-m\libg_nano.a(lib_a-memset.o)
                0x00000f82                memset
 *fill*         0x00000f92        0x2 
 .text.sprintf  0x00000f94       0x44 c:/users/shahnaz/desktop/psoc creator/4.4/psoc creator/import/gnu/arm/5.4.1/bin/../lib/gcc/arm-none-eabi/5.4.1/../../../../arm-none-eabi/lib/armv6-m\libg_nano.a(lib_a-sprintf.o)
                0x00000f94                siprintf
                0x00000f94                sprintf
 .text.__ssputs_r
                0x00000fd8       0xc4 c:/users/shahnaz/desktop/psoc creator/4.4/psoc creator/import/gnu/arm/5.4.1/bin/../lib/gcc/arm-none-eabi/5.4.1/../../../../arm-none-eabi/lib/armv6-m\libg_nano.a(lib_a-nano-svfprintf.o)
                0x00000fd8                __ssputs_r
 .text._svfprintf_r
                0x0000109c      0x1fc c:/users/shahnaz/desktop/psoc creator/4.4/psoc creator/import/gnu/arm/5.4.1/bin/../lib/gcc/arm-none-eabi/5.4.1/../../../../arm-none-eabi/lib/armv6-m\libg_nano.a(lib_a-nano-svfprintf.o)
                0x0000109c                _svfiprintf_r
                0x0000109c                _svfprintf_r
 .text._printf_common
                0x00001298       0xdc c:/users/shahnaz/desktop/psoc creator/4.4/psoc creator/import/gnu/arm/5.4.1/bin/../lib/gcc/arm-none-eabi/5.4.1/../../../../arm-none-eabi/lib/armv6-m\libg_nano.a(lib_a-nano-vfprintf_i.o)
                0x00001298                _printf_common
 .text._printf_i
                0x00001374      0x244 c:/users/shahnaz/desktop/psoc creator/4.4/psoc creator/import/gnu/arm/5.4.1/bin/../lib/gcc/arm-none-eabi/5.4.1/../../../../arm-none-eabi/lib/armv6-m\libg_nano.a(lib_a-nano-vfprintf_i.o)
                0x00001374                _printf_i
 .text.memchr   0x000015b8       0x16 c:/users/shahnaz/desktop/psoc creator/4.4/psoc creator/import/gnu/arm/5.4.1/bin/../lib/gcc/arm-none-eabi/5.4.1/../../../../arm-none-eabi/lib/armv6-m\libg_nano.a(lib_a-memchr-stub.o)
                0x000015b8                memchr
 .text.memmove  0x000015ce       0x2a c:/users/shahnaz/desktop/psoc creator/4.4/psoc creator/import/gnu/arm/5.4.1/bin/../lib/gcc/arm-none-eabi/5.4.1/../../../../arm-none-eabi/lib/armv6-m\libg_nano.a(lib_a-memmove.o)
                0x000015ce                memmove
 .text._free_r  0x000015f8       0x98 c:/users/shahnaz/desktop/psoc creator/4.4/psoc creator/import/gnu/arm/5.4.1/bin/../lib/gcc/arm-none-eabi/5.4.1/../../../../arm-none-eabi/lib/armv6-m\libg_nano.a(lib_a-nano-freer.o)
                0x000015f8                _free_r
 .text._malloc_r
                0x00001690       0xc0 c:/users/shahnaz/desktop/psoc creator/4.4/psoc creator/import/gnu/arm/5.4.1/bin/../lib/gcc/arm-none-eabi/5.4.1/../../../../arm-none-eabi/lib/armv6-m\libg_nano.a(lib_a-nano-mallocr.o)
                0x00001690                _malloc_r
 .text._realloc_r
                0x00001750       0x4c c:/users/shahnaz/desktop/psoc creator/4.4/psoc creator/import/gnu/arm/5.4.1/bin/../lib/gcc/arm-none-eabi/5.4.1/../../../../arm-none-eabi/lib/armv6-m\libg_nano.a(lib_a-nano-reallocr.o)
                0x00001750                _realloc_r
 .text._sbrk_r  0x0000179c       0x24 c:/users/shahnaz/desktop/psoc creator/4.4/psoc creator/import/gnu/arm/5.4.1/bin/../lib/gcc/arm-none-eabi/5.4.1/../../../../arm-none-eabi/lib/armv6-m\libg_nano.a(lib_a-sbrkr.o)
                0x0000179c                _sbrk_r
 .text.__malloc_lock
                0x000017c0        0x2 c:/users/shahnaz/desktop/psoc creator/4.4/psoc creator/import/gnu/arm/5.4.1/bin/../lib/gcc/arm-none-eabi/5.4.1/../../../../arm-none-eabi/lib/armv6-m\libg_nano.a(lib_a-mlock.o)
                0x000017c0                __malloc_lock
 .text.__malloc_unlock
                0x000017c2        0x2 c:/users/shahnaz/desktop/psoc creator/4.4/psoc creator/import/gnu/arm/5.4.1/bin/../lib/gcc/arm-none-eabi/5.4.1/../../../../arm-none-eabi/lib/armv6-m\libg_nano.a(lib_a-mlock.o)
                0x000017c2                __malloc_unlock
 .text._malloc_usable_size_r
                0x000017c4       0x16 c:/users/shahnaz/desktop/psoc creator/4.4/psoc creator/import/gnu/arm/5.4.1/bin/../lib/gcc/arm-none-eabi/5.4.1/../../../../arm-none-eabi/lib/armv6-m\libg_nano.a(lib_a-nano-msizer.o)
                0x000017c4                _malloc_usable_size_r
 *(.plt)
 *(.gnu.warning)
 *(.glue_7t)
 .glue_7t       0x000017da        0x0 linker stubs
 *(.glue_7)
 .glue_7        0x000017da        0x0 linker stubs
 *(.vfp11_veneer)
 .vfp11_veneer  0x000017da        0x0 linker stubs
 *(.bootloader)
 *(.ARM.extab* .gnu.linkonce.armextab.*)
 *(.gcc_except_table)

.v4_bx          0x000017dc        0x0
 .v4_bx         0x000017dc        0x0 linker stubs

.iplt           0x000017dc        0x0
 .iplt          0x000017dc        0x0 c:/users/shahnaz/desktop/psoc creator/4.4/psoc creator/import/gnu/arm/5.4.1/bin/../lib/gcc/arm-none-eabi/5.4.1/armv6-m/crtbegin.o

.eh_frame_hdr
 *(.eh_frame_hdr)

.eh_frame       0x000017dc        0x4
 *(.eh_frame)
 .eh_frame      0x000017dc        0x0 c:/users/shahnaz/desktop/psoc creator/4.4/psoc creator/import/gnu/arm/5.4.1/bin/../lib/gcc/arm-none-eabi/5.4.1/armv6-m/crtbegin.o
 .eh_frame      0x000017dc        0x4 c:/users/shahnaz/desktop/psoc creator/4.4/psoc creator/import/gnu/arm/5.4.1/bin/../lib/gcc/arm-none-eabi/5.4.1/armv6-m/crtend.o
                [!provide]                PROVIDE (__exidx_start, .)

.ARM.exidx
 *(.ARM.exidx* .gnu.linkonce.armexidx.*)
                0x000017e0                __exidx_end = .

.rodata         0x000017e0      0x120
 *(.rodata .rodata.* .gnu.linkonce.r.*)
 .rodata.str1.4
                0x000017e0        0x8 .\CortexM0\ARM_GCC_541\Debug\main.o
                                  0x5 (size before relaxing)
 .rodata        0x000017e8       0x60 .\CortexM0\ARM_GCC_541\Debug\cyfitter_cfg.o
 .rodata        0x00001848       0x19 .\CortexM0\ARM_GCC_541\Debug\gas sensor.a(ADC.o)
 *fill*         0x00001861        0x3 
 .rodata        0x00001864       0x2e .\CortexM0\ARM_GCC_541\Debug\gas sensor.a(CyLib.o)
                0x00001864                cyImoFreqMhz2Reg
 .rodata.str1.1
                0x00001892        0x2 c:/users/shahnaz/desktop/psoc creator/4.4/psoc creator/import/gnu/arm/5.4.1/bin/../lib/gcc/arm-none-eabi/5.4.1/../../../../arm-none-eabi/lib/armv6-m\libg_nano.a(lib_a-impure.o)
 .rodata.str1.1
                0x00001894       0x11 c:/users/shahnaz/desktop/psoc creator/4.4/psoc creator/import/gnu/arm/5.4.1/bin/../lib/gcc/arm-none-eabi/5.4.1/../../../../arm-none-eabi/lib/armv6-m\libg_nano.a(lib_a-nano-svfprintf.o)
 .rodata.str1.1
                0x000018a5       0x22 c:/users/shahnaz/desktop/psoc creator/4.4/psoc creator/import/gnu/arm/5.4.1/bin/../lib/gcc/arm-none-eabi/5.4.1/../../../../arm-none-eabi/lib/armv6-m\libg_nano.a(lib_a-nano-vfprintf_i.o)
                0x000018c8                . = ALIGN (0x4)
 *fill*         0x000018c7        0x1 
 *(.init)
 .init          0x000018c8        0x4 c:/users/shahnaz/desktop/psoc creator/4.4/psoc creator/import/gnu/arm/5.4.1/bin/../lib/gcc/arm-none-eabi/5.4.1/armv6-m/crti.o
                0x000018c8                _init
 .init          0x000018cc        0x8 c:/users/shahnaz/desktop/psoc creator/4.4/psoc creator/import/gnu/arm/5.4.1/bin/../lib/gcc/arm-none-eabi/5.4.1/armv6-m/crtn.o
                0x000018d4                . = ALIGN (0x4)
                0x000018d4                __preinit_array_start = .
 *(.preinit_array)
                0x000018d4                __preinit_array_end = .
                0x000018d4                . = ALIGN (0x4)
                0x000018d4                __init_array_start = .
 *(SORT(.init_array.*))
 *(.init_array)
 .init_array    0x000018d4        0x4 c:/users/shahnaz/desktop/psoc creator/4.4/psoc creator/import/gnu/arm/5.4.1/bin/../lib/gcc/arm-none-eabi/5.4.1/armv6-m/crtbegin.o
 .init_array    0x000018d8        0x4 .\CortexM0\ARM_GCC_541\Debug\Cm0Start.o
                0x000018dc                __init_array_end = .
                0x000018dc                . = ALIGN (0x4)
 *(.fini)
 .fini          0x000018dc        0x4 c:/users/shahnaz/desktop/psoc creator/4.4/psoc creator/import/gnu/arm/5.4.1/bin/../lib/gcc/arm-none-eabi/5.4.1/armv6-m/crti.o
                0x000018dc                _fini
 .fini          0x000018e0        0x8 c:/users/shahnaz/desktop/psoc creator/4.4/psoc creator/import/gnu/arm/5.4.1/bin/../lib/gcc/arm-none-eabi/5.4.1/armv6-m/crtn.o
                0x000018e8                . = ALIGN (0x4)
                0x000018e8                __fini_array_start = .
 *(.fini_array)
 .fini_array    0x000018e8        0x4 c:/users/shahnaz/desktop/psoc creator/4.4/psoc creator/import/gnu/arm/5.4.1/bin/../lib/gcc/arm-none-eabi/5.4.1/armv6-m/crtbegin.o
 *(SORT(.fini_array.*))
                0x000018ec                __fini_array_end = .
                0x000018ec                . = ALIGN (0x4)
 *crtbegin.o(.ctors)
 *(EXCLUDE_FILE(*crtend.o) .ctors)
 *(SORT(.ctors.*))
 *crtend.o(.ctors)
                0x000018ec                . = ALIGN (0x4)
 *crtbegin.o(.dtors)
 *(EXCLUDE_FILE(*crtend.o) .dtors)
 *(SORT(.dtors.*))
 *crtend.o(.dtors)
                0x000018ec                . = ALIGN (0x4)
                0x000018ec                __cy_regions = .
                0x000018ec        0x4 LONG 0x1900 __cy_region_init_ram
                0x000018f0        0x4 LONG 0x200000c0 __cy_region_start_data
                0x000018f4        0x4 LONG 0x88 __cy_region_init_size_ram
                0x000018f8        0x4 LONG 0x88 __cy_region_zero_size_ram
                0x000018fc                __cy_regions_end = .
                0x00001900                . = ALIGN (0x8)
 *fill*         0x000018fc        0x4 
                0x00001900                _etext = .

.cy_checksum_exclude
                0x00001900        0x0
 *(.cy_checksum_exclude)

.ramvectors     0x20000000       0xc0
                0x20000000                __cy_region_start_ram = .
 *(.ramvectors)
 .ramvectors    0x20000000       0xc0 .\CortexM0\ARM_GCC_541\Debug\Cm0Start.o
                0x20000000                CyRamVectors

.noinit
 *(.noinit)

.data           0x200000c0       0x88 load address 0x00001900
                0x200000c0                __cy_region_start_data = .
 *(.jcr)
 .jcr           0x200000c0        0x0 c:/users/shahnaz/desktop/psoc creator/4.4/psoc creator/import/gnu/arm/5.4.1/bin/../lib/gcc/arm-none-eabi/5.4.1/armv6-m/crtbegin.o
 .jcr           0x200000c0        0x4 c:/users/shahnaz/desktop/psoc creator/4.4/psoc creator/import/gnu/arm/5.4.1/bin/../lib/gcc/arm-none-eabi/5.4.1/armv6-m/crtend.o
 *(.got.plt)
 *(.got)
 *(.shdata)
 *(.data .data.* .gnu.linkonce.d.*)
 .data          0x200000c4        0x4 .\CortexM0\ARM_GCC_541\Debug\Cm0Start.o
 .data          0x200000c8       0x14 .\CortexM0\ARM_GCC_541\Debug\gas sensor.a(CyLib.o)
                0x200000c8                CySysClkPumpConfig
                0x200000cc                cydelay32kMs
                0x200000d0                cydelayFreqKhz
                0x200000d4                cydelayFreqMhz
                0x200000d8                cydelayFreqHz
 .data          0x200000dc        0x8 .\CortexM0\ARM_GCC_541\Debug\gas sensor.a(CyLFClk.o)
 .data.impure_data
                0x200000e4       0x60 c:/users/shahnaz/desktop/psoc creator/4.4/psoc creator/import/gnu/arm/5.4.1/bin/../lib/gcc/arm-none-eabi/5.4.1/../../../../arm-none-eabi/lib/armv6-m\libg_nano.a(lib_a-impure.o)
 .data._impure_ptr
                0x20000144        0x4 c:/users/shahnaz/desktop/psoc creator/4.4/psoc creator/import/gnu/arm/5.4.1/bin/../lib/gcc/arm-none-eabi/5.4.1/../../../../arm-none-eabi/lib/armv6-m\libg_nano.a(lib_a-impure.o)
                0x20000144                _impure_ptr
                0x20000148                . = ALIGN (0x8)
 *(.ram)
                0x20000148                _edata = .

.igot.plt       0x20000148        0x0 load address 0x00001988
 .igot.plt      0x20000148        0x0 c:/users/shahnaz/desktop/psoc creator/4.4/psoc creator/import/gnu/arm/5.4.1/bin/../lib/gcc/arm-none-eabi/5.4.1/armv6-m/crtbegin.o

.bss            0x20000148       0x88 load address 0x00001988
                0x20000148                PROVIDE (__bss_start__, .)
 *(.shbss)
 *(.bss .bss.* .gnu.linkonce.b.*)
 .bss           0x20000148       0x1c c:/users/shahnaz/desktop/psoc creator/4.4/psoc creator/import/gnu/arm/5.4.1/bin/../lib/gcc/arm-none-eabi/5.4.1/armv6-m/crtbegin.o
 .bss           0x20000164        0x1 .\CortexM0\ARM_GCC_541\Debug\gas sensor.a(ADC.o)
                0x20000164                ADC_initVar
 *fill*         0x20000165        0x1 
 .bss           0x20000166        0x4 .\CortexM0\ARM_GCC_541\Debug\gas sensor.a(UART.o)
                0x20000166                UART_initVar
                0x20000168                UART_IntrTxMask
 *fill*         0x2000016a        0x2 
 .bss           0x2000016c       0x28 .\CortexM0\ARM_GCC_541\Debug\gas sensor.a(CyLFClk.o)
 .bss.__malloc_sbrk_start
                0x20000194        0x4 c:/users/shahnaz/desktop/psoc creator/4.4/psoc creator/import/gnu/arm/5.4.1/bin/../lib/gcc/arm-none-eabi/5.4.1/../../../../arm-none-eabi/lib/armv6-m\libg_nano.a(lib_a-nano-mallocr.o)
                0x20000194                __malloc_sbrk_start
 .bss.__malloc_free_list
                0x20000198        0x4 c:/users/shahnaz/desktop/psoc creator/4.4/psoc creator/import/gnu/arm/5.4.1/bin/../lib/gcc/arm-none-eabi/5.4.1/../../../../arm-none-eabi/lib/armv6-m\libg_nano.a(lib_a-nano-mallocr.o)
                0x20000198                __malloc_free_list
 *(COMMON)
 COMMON         0x2000019c       0x10 .\CortexM0\ARM_GCC_541\Debug\main.o
                0x2000019c                buffer
 COMMON         0x200001ac       0x1e .\CortexM0\ARM_GCC_541\Debug\gas sensor.a(ADC.o)
                0x200001ac                ADC_countsPer10Volt
                0x200001c0                ADC_offset
 *fill*         0x200001ca        0x2 
 COMMON         0x200001cc        0x4 c:/users/shahnaz/desktop/psoc creator/4.4/psoc creator/import/gnu/arm/5.4.1/bin/../lib/gcc/arm-none-eabi/5.4.1/../../../../arm-none-eabi/lib/armv6-m\libg_nano.a(lib_a-reent.o)
                0x200001cc                errno
                0x200001d0                . = ALIGN (0x8)
 *(.ram.b)
                0x200001d0                _end = .
                0x200001d0                __end = .
                0x200001d0                PROVIDE (end, .)
                0x200001d0                PROVIDE (__bss_end__, .)
                0x00001900                __cy_region_init_ram = LOADADDR (.data)
                0x00000088                __cy_region_init_size_ram = (_edata - ADDR (.data))
                0x00000088                __cy_region_zero_size_ram = (_end - _edata)

.heap           0x200001d0       0x80 load address 0x00001988
                0x200001d0                . = _end
                0x20000250                . = (. + 0x80)
 *fill*         0x200001d0       0x80 
                0x20000250                __cy_heap_limit = .

.stack          0x20003800      0x800
                0x20003800                __cy_stack_limit = .
                0x20004000                . = (. + 0x800)
 *fill*         0x20003800      0x800 
                0x00000001                ASSERT ((__cy_stack_limit >= __cy_heap_limit), region RAM overflowed with stack)
                0x00000000                cy_checksum_exclude_size = (CY_APPL_LOADABLE == 0x1)?SIZEOF (.cy_checksum_exclude):0x0
                0x00000001                ASSERT ((cy_checksum_exclude_size <= CY_CHECKSUM_EXCLUDE_SIZE), CY_BOOT: Section .cy_checksum_exclude size exceedes specified limit.)
                0x0001ffc0                cyloadermeta_start = (cy_project_type_bootloader || cy_project_type_app_for_stack_and_copier)?(LENGTH (rom) - CY_METADATA_SIZE):0xf0000000

.cyloadermeta
 *(.cyloadermeta)
                0x0001ffc0                cyloadablemeta_start = cy_project_type_app_for_stack_and_copier?((LENGTH (rom) - CY_FLASH_ROW_SIZE) - CY_METADATA_SIZE):((LENGTH (rom) - (CY_FLASH_ROW_SIZE * (CY_APPL_NUM - 0x1))) - CY_METADATA_SIZE)

.cyloadablemeta
 *(.cyloadablemeta)

.cyflashprotect
                0x90400000       0x80
 *(.cyflashprotect)
 .cyflashprotect
                0x90400000       0x80 .\CortexM0\ARM_GCC_541\Debug\cymetadata.o
                0x90400000                cy_meta_flashprotect

.cymeta         0x90500000        0xc
 *(.cymeta)
 .cymeta        0x90500000        0xc .\CortexM0\ARM_GCC_541\Debug\cymetadata.o
                0x90500000                cy_metadata

.cychipprotect  0x90600000        0x1
 *(.cychipprotect)
 .cychipprotect
                0x90600000        0x1 .\CortexM0\ARM_GCC_541\Debug\cymetadata.o
                0x90600000                cy_meta_chipprotect

.rel.dyn        0x00001988        0x0 load address 0x90600004
 .rel.iplt      0x00001988        0x0 c:/users/shahnaz/desktop/psoc creator/4.4/psoc creator/import/gnu/arm/5.4.1/bin/../lib/gcc/arm-none-eabi/5.4.1/armv6-m/crtbegin.o

.stab
 *(.stab)

.stabstr
 *(.stabstr)

.debug
 *(.debug)

.line
 *(.line)

.debug_srcinfo
 *(.debug_srcinfo)

.debug_sfnames
 *(.debug_sfnames)

.debug_aranges  0x00000000      0x690
 *(.debug_aranges)
 .debug_aranges
                0x00000000       0x20 .\CortexM0\ARM_GCC_541\Debug\main.o
 .debug_aranges
                0x00000020       0x48 .\CortexM0\ARM_GCC_541\Debug\cyfitter_cfg.o
 .debug_aranges
                0x00000068       0x18 .\CortexM0\ARM_GCC_541\Debug\cymetadata.o
 .debug_aranges
                0x00000080       0x48 .\CortexM0\ARM_GCC_541\Debug\Cm0Start.o
 .debug_aranges
                0x000000c8       0xb0 .\CortexM0\ARM_GCC_541\Debug\gas sensor.a(ADC.o)
 .debug_aranges
                0x00000178       0x20 .\CortexM0\ARM_GCC_541\Debug\gas sensor.a(ADC_INT.o)
 .debug_aranges
                0x00000198       0x58 .\CortexM0\ARM_GCC_541\Debug\gas sensor.a(UART.o)
 .debug_aranges
                0x000001f0       0x90 .\CortexM0\ARM_GCC_541\Debug\gas sensor.a(UART_UART.o)
 .debug_aranges
                0x00000280      0x1c8 .\CortexM0\ARM_GCC_541\Debug\gas sensor.a(CyLib.o)
 .debug_aranges
                0x00000448      0x188 .\CortexM0\ARM_GCC_541\Debug\gas sensor.a(CyLFClk.o)
 .debug_aranges
                0x000005d0       0x20 .\CortexM0\ARM_GCC_541\Debug\gas sensor.a(CyBootAsmGnu.o)
 .debug_aranges
                0x000005f0       0x60 .\CortexM0\ARM_GCC_541\Debug\gas sensor.a(UART_SPI_UART.o)
 .debug_aranges
                0x00000650       0x40 .\CortexM0\ARM_GCC_541\Debug\gas sensor.a(CyFlash.o)

.debug_pubnames
 *(.debug_pubnames)

.debug_info     0x00000000     0x3ab2
 *(.debug_info .gnu.linkonce.wi.*)
 .debug_info    0x00000000      0x1e1 .\CortexM0\ARM_GCC_541\Debug\main.o
 .debug_info    0x000001e1      0x405 .\CortexM0\ARM_GCC_541\Debug\cyfitter_cfg.o
 .debug_info    0x000005e6       0xf8 .\CortexM0\ARM_GCC_541\Debug\cymetadata.o
 .debug_info    0x000006de      0x3a2 .\CortexM0\ARM_GCC_541\Debug\Cm0Start.o
 .debug_info    0x00000a80      0x5b7 .\CortexM0\ARM_GCC_541\Debug\gas sensor.a(ADC.o)
 .debug_info    0x00001037       0xcb .\CortexM0\ARM_GCC_541\Debug\gas sensor.a(ADC_INT.o)
 .debug_info    0x00001102      0x23a .\CortexM0\ARM_GCC_541\Debug\gas sensor.a(UART.o)
 .debug_info    0x0000133c      0x3b5 .\CortexM0\ARM_GCC_541\Debug\gas sensor.a(UART_UART.o)
 .debug_info    0x000016f1      0xd40 .\CortexM0\ARM_GCC_541\Debug\gas sensor.a(CyLib.o)
 .debug_info    0x00002431     0x1058 .\CortexM0\ARM_GCC_541\Debug\gas sensor.a(CyLFClk.o)
 .debug_info    0x00003489       0xb9 .\CortexM0\ARM_GCC_541\Debug\gas sensor.a(CyBootAsmGnu.o)
 .debug_info    0x00003542      0x220 .\CortexM0\ARM_GCC_541\Debug\gas sensor.a(UART_SPI_UART.o)
 .debug_info    0x00003762      0x350 .\CortexM0\ARM_GCC_541\Debug\gas sensor.a(CyFlash.o)

.debug_abbrev   0x00000000     0x100f
 *(.debug_abbrev)
 .debug_abbrev  0x00000000       0xe4 .\CortexM0\ARM_GCC_541\Debug\main.o
 .debug_abbrev  0x000000e4      0x1cf .\CortexM0\ARM_GCC_541\Debug\cyfitter_cfg.o
 .debug_abbrev  0x000002b3       0x5d .\CortexM0\ARM_GCC_541\Debug\cymetadata.o
 .debug_abbrev  0x00000310      0x1d7 .\CortexM0\ARM_GCC_541\Debug\Cm0Start.o
 .debug_abbrev  0x000004e7      0x184 .\CortexM0\ARM_GCC_541\Debug\gas sensor.a(ADC.o)
 .debug_abbrev  0x0000066b       0x65 .\CortexM0\ARM_GCC_541\Debug\gas sensor.a(ADC_INT.o)
 .debug_abbrev  0x000006d0       0xd5 .\CortexM0\ARM_GCC_541\Debug\gas sensor.a(UART.o)
 .debug_abbrev  0x000007a5      0x132 .\CortexM0\ARM_GCC_541\Debug\gas sensor.a(UART_UART.o)
 .debug_abbrev  0x000008d7      0x20b .\CortexM0\ARM_GCC_541\Debug\gas sensor.a(CyLib.o)
 .debug_abbrev  0x00000ae2      0x248 .\CortexM0\ARM_GCC_541\Debug\gas sensor.a(CyLFClk.o)
 .debug_abbrev  0x00000d2a       0x14 .\CortexM0\ARM_GCC_541\Debug\gas sensor.a(CyBootAsmGnu.o)
 .debug_abbrev  0x00000d3e      0x14f .\CortexM0\ARM_GCC_541\Debug\gas sensor.a(UART_SPI_UART.o)
 .debug_abbrev  0x00000e8d      0x182 .\CortexM0\ARM_GCC_541\Debug\gas sensor.a(CyFlash.o)

.debug_line     0x00000000     0x1a2f
 *(.debug_line)
 .debug_line    0x00000000      0x101 .\CortexM0\ARM_GCC_541\Debug\main.o
 .debug_line    0x00000101      0x1bd .\CortexM0\ARM_GCC_541\Debug\cyfitter_cfg.o
 .debug_line    0x000002be      0x135 .\CortexM0\ARM_GCC_541\Debug\cymetadata.o
 .debug_line    0x000003f3      0x22a .\CortexM0\ARM_GCC_541\Debug\Cm0Start.o
 .debug_line    0x0000061d      0x2b0 .\CortexM0\ARM_GCC_541\Debug\gas sensor.a(ADC.o)
 .debug_line    0x000008cd       0x62 .\CortexM0\ARM_GCC_541\Debug\gas sensor.a(ADC_INT.o)
 .debug_line    0x0000092f      0x108 .\CortexM0\ARM_GCC_541\Debug\gas sensor.a(UART.o)
 .debug_line    0x00000a37      0x1cf .\CortexM0\ARM_GCC_541\Debug\gas sensor.a(UART_UART.o)
 .debug_line    0x00000c06      0x563 .\CortexM0\ARM_GCC_541\Debug\gas sensor.a(CyLib.o)
 .debug_line    0x00001169      0x5d1 .\CortexM0\ARM_GCC_541\Debug\gas sensor.a(CyLFClk.o)
 .debug_line    0x0000173a       0x68 .\CortexM0\ARM_GCC_541\Debug\gas sensor.a(CyBootAsmGnu.o)
 .debug_line    0x000017a2      0x11a .\CortexM0\ARM_GCC_541\Debug\gas sensor.a(UART_SPI_UART.o)
 .debug_line    0x000018bc      0x173 .\CortexM0\ARM_GCC_541\Debug\gas sensor.a(CyFlash.o)

.debug_frame    0x00000000     0x14f0
 *(.debug_frame)
 .debug_frame   0x00000000       0x2c .\CortexM0\ARM_GCC_541\Debug\main.o
 .debug_frame   0x0000002c       0xb4 .\CortexM0\ARM_GCC_541\Debug\cyfitter_cfg.o
 .debug_frame   0x000000e0       0xbc .\CortexM0\ARM_GCC_541\Debug\Cm0Start.o
 .debug_frame   0x0000019c      0x1c0 .\CortexM0\ARM_GCC_541\Debug\gas sensor.a(ADC.o)
 .debug_frame   0x0000035c       0x20 .\CortexM0\ARM_GCC_541\Debug\gas sensor.a(ADC_INT.o)
 .debug_frame   0x0000037c       0xd8 .\CortexM0\ARM_GCC_541\Debug\gas sensor.a(UART.o)
 .debug_frame   0x00000454      0x144 .\CortexM0\ARM_GCC_541\Debug\gas sensor.a(UART_UART.o)
 .debug_frame   0x00000598      0x48c .\CortexM0\ARM_GCC_541\Debug\gas sensor.a(CyLib.o)
 .debug_frame   0x00000a24      0x4a4 .\CortexM0\ARM_GCC_541\Debug\gas sensor.a(CyLFClk.o)
 .debug_frame   0x00000ec8       0xb0 .\CortexM0\ARM_GCC_541\Debug\gas sensor.a(UART_SPI_UART.o)
 .debug_frame   0x00000f78       0x90 .\CortexM0\ARM_GCC_541\Debug\gas sensor.a(CyFlash.o)
 .debug_frame   0x00001008       0x20 c:/users/shahnaz/desktop/psoc creator/4.4/psoc creator/import/gnu/arm/5.4.1/bin/../lib/gcc/arm-none-eabi/5.4.1/armv6-m\libgcc.a(_udivsi3.o)
 .debug_frame   0x00001028       0x20 c:/users/shahnaz/desktop/psoc creator/4.4/psoc creator/import/gnu/arm/5.4.1/bin/../lib/gcc/arm-none-eabi/5.4.1/armv6-m\libgcc.a(_divsi3.o)
 .debug_frame   0x00001048       0x34 c:/users/shahnaz/desktop/psoc creator/4.4/psoc creator/import/gnu/arm/5.4.1/bin/../lib/gcc/arm-none-eabi/5.4.1/armv6-m\libgcc.a(_muldi3.o)
 .debug_frame   0x0000107c       0x30 c:/users/shahnaz/desktop/psoc creator/4.4/psoc creator/import/gnu/arm/5.4.1/bin/../lib/gcc/arm-none-eabi/5.4.1/armv6-m\libgcc.a(bpabi.o)
 .debug_frame   0x000010ac       0x3c c:/users/shahnaz/desktop/psoc creator/4.4/psoc creator/import/gnu/arm/5.4.1/bin/../lib/gcc/arm-none-eabi/5.4.1/armv6-m\libgcc.a(divsf3.o)
 .debug_frame   0x000010e8       0x38 c:/users/shahnaz/desktop/psoc creator/4.4/psoc creator/import/gnu/arm/5.4.1/bin/../lib/gcc/arm-none-eabi/5.4.1/armv6-m\libgcc.a(mulsf3.o)
 .debug_frame   0x00001120       0x2c c:/users/shahnaz/desktop/psoc creator/4.4/psoc creator/import/gnu/arm/5.4.1/bin/../lib/gcc/arm-none-eabi/5.4.1/armv6-m\libgcc.a(floatsisf.o)
 .debug_frame   0x0000114c       0x3c c:/users/shahnaz/desktop/psoc creator/4.4/psoc creator/import/gnu/arm/5.4.1/bin/../lib/gcc/arm-none-eabi/5.4.1/armv6-m\libgcc.a(_divdi3.o)
 .debug_frame   0x00001188       0x20 c:/users/shahnaz/desktop/psoc creator/4.4/psoc creator/import/gnu/arm/5.4.1/bin/../lib/gcc/arm-none-eabi/5.4.1/../../../../arm-none-eabi/lib/armv6-m\libg_nano.a(lib_a-errno.o)
 .debug_frame   0x000011a8       0x28 c:/users/shahnaz/desktop/psoc creator/4.4/psoc creator/import/gnu/arm/5.4.1/bin/../lib/gcc/arm-none-eabi/5.4.1/../../../../arm-none-eabi/lib/armv6-m\libg_nano.a(lib_a-exit.o)
 .debug_frame   0x000011d0       0x2c c:/users/shahnaz/desktop/psoc creator/4.4/psoc creator/import/gnu/arm/5.4.1/bin/../lib/gcc/arm-none-eabi/5.4.1/../../../../arm-none-eabi/lib/armv6-m\libg_nano.a(lib_a-init.o)
 .debug_frame   0x000011fc       0x28 c:/users/shahnaz/desktop/psoc creator/4.4/psoc creator/import/gnu/arm/5.4.1/bin/../lib/gcc/arm-none-eabi/5.4.1/../../../../arm-none-eabi/lib/armv6-m\libg_nano.a(lib_a-memcpy-stub.o)
 .debug_frame   0x00001224       0x20 c:/users/shahnaz/desktop/psoc creator/4.4/psoc creator/import/gnu/arm/5.4.1/bin/../lib/gcc/arm-none-eabi/5.4.1/../../../../arm-none-eabi/lib/armv6-m\libg_nano.a(lib_a-memset.o)
 .debug_frame   0x00001244       0x50 c:/users/shahnaz/desktop/psoc creator/4.4/psoc creator/import/gnu/arm/5.4.1/bin/../lib/gcc/arm-none-eabi/5.4.1/../../../../arm-none-eabi/lib/armv6-m\libg_nano.a(lib_a-sprintf.o)
 .debug_frame   0x00001294       0x74 c:/users/shahnaz/desktop/psoc creator/4.4/psoc creator/import/gnu/arm/5.4.1/bin/../lib/gcc/arm-none-eabi/5.4.1/../../../../arm-none-eabi/lib/armv6-m\libg_nano.a(lib_a-nano-svfprintf.o)
 .debug_frame   0x00001308       0x54 c:/users/shahnaz/desktop/psoc creator/4.4/psoc creator/import/gnu/arm/5.4.1/bin/../lib/gcc/arm-none-eabi/5.4.1/../../../../arm-none-eabi/lib/armv6-m\libg_nano.a(lib_a-nano-vfprintf_i.o)
 .debug_frame   0x0000135c       0x20 c:/users/shahnaz/desktop/psoc creator/4.4/psoc creator/import/gnu/arm/5.4.1/bin/../lib/gcc/arm-none-eabi/5.4.1/../../../../arm-none-eabi/lib/armv6-m\libg_nano.a(lib_a-memchr-stub.o)
 .debug_frame   0x0000137c       0x28 c:/users/shahnaz/desktop/psoc creator/4.4/psoc creator/import/gnu/arm/5.4.1/bin/../lib/gcc/arm-none-eabi/5.4.1/../../../../arm-none-eabi/lib/armv6-m\libg_nano.a(lib_a-memmove.o)
 .debug_frame   0x000013a4       0x2c c:/users/shahnaz/desktop/psoc creator/4.4/psoc creator/import/gnu/arm/5.4.1/bin/../lib/gcc/arm-none-eabi/5.4.1/../../../../arm-none-eabi/lib/armv6-m\libg_nano.a(lib_a-nano-freer.o)
 .debug_frame   0x000013d0       0x2c c:/users/shahnaz/desktop/psoc creator/4.4/psoc creator/import/gnu/arm/5.4.1/bin/../lib/gcc/arm-none-eabi/5.4.1/../../../../arm-none-eabi/lib/armv6-m\libg_nano.a(lib_a-nano-mallocr.o)
 .debug_frame   0x000013fc       0x30 c:/users/shahnaz/desktop/psoc creator/4.4/psoc creator/import/gnu/arm/5.4.1/bin/../lib/gcc/arm-none-eabi/5.4.1/../../../../arm-none-eabi/lib/armv6-m\libg_nano.a(lib_a-nano-reallocr.o)
 .debug_frame   0x0000142c       0x2c c:/users/shahnaz/desktop/psoc creator/4.4/psoc creator/import/gnu/arm/5.4.1/bin/../lib/gcc/arm-none-eabi/5.4.1/../../../../arm-none-eabi/lib/armv6-m\libg_nano.a(lib_a-sbrkr.o)
 .debug_frame   0x00001458       0x30 c:/users/shahnaz/desktop/psoc creator/4.4/psoc creator/import/gnu/arm/5.4.1/bin/../lib/gcc/arm-none-eabi/5.4.1/../../../../arm-none-eabi/lib/armv6-m\libg_nano.a(lib_a-mlock.o)
 .debug_frame   0x00001488       0x20 c:/users/shahnaz/desktop/psoc creator/4.4/psoc creator/import/gnu/arm/5.4.1/bin/../lib/gcc/arm-none-eabi/5.4.1/../../../../arm-none-eabi/lib/armv6-m\libg_nano.a(lib_a-nano-msizer.o)
 .debug_frame   0x000014a8       0x48 c:/users/shahnaz/desktop/psoc creator/4.4/psoc creator/import/gnu/arm/5.4.1/bin/../lib/gcc/arm-none-eabi/5.4.1/../../../../arm-none-eabi/lib/armv6-m\libg_nano.a(lib_a-reent.o)

.debug_str      0x00000000     0x1811
 *(.debug_str)
 .debug_str     0x00000000      0x1ea .\CortexM0\ARM_GCC_541\Debug\main.o
                                0x230 (size before relaxing)
 .debug_str     0x000001ea      0x152 .\CortexM0\ARM_GCC_541\Debug\cyfitter_cfg.o
                                0x326 (size before relaxing)
 .debug_str     0x0000033c       0x63 .\CortexM0\ARM_GCC_541\Debug\cymetadata.o
                                0x1f1 (size before relaxing)
 .debug_str     0x0000039f      0x13a .\CortexM0\ARM_GCC_541\Debug\Cm0Start.o
                                0x32a (size before relaxing)
 .debug_str     0x000004d9      0x1da .\CortexM0\ARM_GCC_541\Debug\gas sensor.a(ADC.o)
                                0x415 (size before relaxing)
 .debug_str     0x000006b3       0x35 .\CortexM0\ARM_GCC_541\Debug\gas sensor.a(ADC_INT.o)
                                0x1e6 (size before relaxing)
 .debug_str     0x000006e8       0xf7 .\CortexM0\ARM_GCC_541\Debug\gas sensor.a(UART.o)
                                0x2c0 (size before relaxing)
 .debug_str     0x000007df      0x1d8 .\CortexM0\ARM_GCC_541\Debug\gas sensor.a(UART_UART.o)
                                0x3f1 (size before relaxing)
 .debug_str     0x000009b7      0x5e9 .\CortexM0\ARM_GCC_541\Debug\gas sensor.a(CyLib.o)
                                0x826 (size before relaxing)
 .debug_str     0x00000fa0      0x6e7 .\CortexM0\ARM_GCC_541\Debug\gas sensor.a(CyLFClk.o)
                                0x946 (size before relaxing)
 .debug_str     0x00001687       0xe3 .\CortexM0\ARM_GCC_541\Debug\gas sensor.a(UART_SPI_UART.o)
                                0x2f7 (size before relaxing)
 .debug_str     0x0000176a       0xa7 .\CortexM0\ARM_GCC_541\Debug\gas sensor.a(CyFlash.o)
                                0x2d9 (size before relaxing)

.debug_loc      0x00000000     0x2238
 *(.debug_loc)
 .debug_loc     0x00000000       0x13 .\CortexM0\ARM_GCC_541\Debug\main.o
 .debug_loc     0x00000013      0x136 .\CortexM0\ARM_GCC_541\Debug\cyfitter_cfg.o
 .debug_loc     0x00000149      0x14f .\CortexM0\ARM_GCC_541\Debug\Cm0Start.o
 .debug_loc     0x00000298      0x536 .\CortexM0\ARM_GCC_541\Debug\gas sensor.a(ADC.o)
 .debug_loc     0x000007ce       0x7e .\CortexM0\ARM_GCC_541\Debug\gas sensor.a(UART.o)
 .debug_loc     0x0000084c      0x223 .\CortexM0\ARM_GCC_541\Debug\gas sensor.a(UART_UART.o)
 .debug_loc     0x00000a6f      0x81c .\CortexM0\ARM_GCC_541\Debug\gas sensor.a(CyLib.o)
 .debug_loc     0x0000128b      0xdb7 .\CortexM0\ARM_GCC_541\Debug\gas sensor.a(CyLFClk.o)
 .debug_loc     0x00002042       0x96 .\CortexM0\ARM_GCC_541\Debug\gas sensor.a(UART_SPI_UART.o)
 .debug_loc     0x000020d8      0x160 .\CortexM0\ARM_GCC_541\Debug\gas sensor.a(CyFlash.o)

.debug_macinfo
 *(.debug_macinfo)

.debug_ranges   0x00000000      0x5a8
 *(.debug_ranges)
 .debug_ranges  0x00000000       0x10 .\CortexM0\ARM_GCC_541\Debug\main.o
 .debug_ranges  0x00000010       0x38 .\CortexM0\ARM_GCC_541\Debug\cyfitter_cfg.o
 .debug_ranges  0x00000048       0x38 .\CortexM0\ARM_GCC_541\Debug\Cm0Start.o
 .debug_ranges  0x00000080       0xa0 .\CortexM0\ARM_GCC_541\Debug\gas sensor.a(ADC.o)
 .debug_ranges  0x00000120       0x10 .\CortexM0\ARM_GCC_541\Debug\gas sensor.a(ADC_INT.o)
 .debug_ranges  0x00000130       0x48 .\CortexM0\ARM_GCC_541\Debug\gas sensor.a(UART.o)
 .debug_ranges  0x00000178       0x80 .\CortexM0\ARM_GCC_541\Debug\gas sensor.a(UART_UART.o)
 .debug_ranges  0x000001f8      0x1b8 .\CortexM0\ARM_GCC_541\Debug\gas sensor.a(CyLib.o)
 .debug_ranges  0x000003b0      0x178 .\CortexM0\ARM_GCC_541\Debug\gas sensor.a(CyLFClk.o)
 .debug_ranges  0x00000528       0x50 .\CortexM0\ARM_GCC_541\Debug\gas sensor.a(UART_SPI_UART.o)
 .debug_ranges  0x00000578       0x30 .\CortexM0\ARM_GCC_541\Debug\gas sensor.a(CyFlash.o)

.comment        0x00000000       0x6e
 .comment       0x00000000       0x6e .\CortexM0\ARM_GCC_541\Debug\main.o
                                 0x6f (size before relaxing)
 .comment       0x0000006e       0x6f .\CortexM0\ARM_GCC_541\Debug\cyfitter_cfg.o
 .comment       0x0000006e       0x6f .\CortexM0\ARM_GCC_541\Debug\cymetadata.o
 .comment       0x0000006e       0x6f .\CortexM0\ARM_GCC_541\Debug\Cm0Start.o
 .comment       0x0000006e       0x6f .\CortexM0\ARM_GCC_541\Debug\gas sensor.a(ADC.o)
 .comment       0x0000006e       0x6f .\CortexM0\ARM_GCC_541\Debug\gas sensor.a(ADC_INT.o)
 .comment       0x0000006e       0x6f .\CortexM0\ARM_GCC_541\Debug\gas sensor.a(UART.o)
 .comment       0x0000006e       0x6f .\CortexM0\ARM_GCC_541\Debug\gas sensor.a(UART_UART.o)
 .comment       0x0000006e       0x6f .\CortexM0\ARM_GCC_541\Debug\gas sensor.a(CyLib.o)
 .comment       0x0000006e       0x6f .\CortexM0\ARM_GCC_541\Debug\gas sensor.a(CyLFClk.o)
 .comment       0x0000006e       0x6f .\CortexM0\ARM_GCC_541\Debug\gas sensor.a(UART_SPI_UART.o)
 .comment       0x0000006e       0x6f .\CortexM0\ARM_GCC_541\Debug\gas sensor.a(CyFlash.o)

.debug_weaknames
 *(.debug_weaknames)

.debug_funcnames
 *(.debug_funcnames)

.debug_typenames
 *(.debug_typenames)

.debug_varnames
 *(.debug_varnames)

.note.gnu.arm.ident
 *(.note.gnu.arm.ident)

.ARM.attributes
                0x00000000       0x28
 *(.ARM.attributes)
 .ARM.attributes
                0x00000000       0x1e c:/users/shahnaz/desktop/psoc creator/4.4/psoc creator/import/gnu/arm/5.4.1/bin/../lib/gcc/arm-none-eabi/5.4.1/armv6-m/crti.o
 .ARM.attributes
                0x0000001e       0x2c c:/users/shahnaz/desktop/psoc creator/4.4/psoc creator/import/gnu/arm/5.4.1/bin/../lib/gcc/arm-none-eabi/5.4.1/armv6-m/crtbegin.o
 .ARM.attributes
                0x0000004a       0x1b c:/users/shahnaz/desktop/psoc creator/4.4/psoc creator/import/gnu/arm/5.4.1/bin/../lib/gcc/arm-none-eabi/5.4.1/../../../../arm-none-eabi/lib/armv6-m/crt0.o
 .ARM.attributes
                0x00000065       0x31 .\CortexM0\ARM_GCC_541\Debug\main.o
 .ARM.attributes
                0x00000096       0x31 .\CortexM0\ARM_GCC_541\Debug\cyfitter_cfg.o
 .ARM.attributes
                0x000000c7       0x31 .\CortexM0\ARM_GCC_541\Debug\cymetadata.o
 .ARM.attributes
                0x000000f8       0x31 .\CortexM0\ARM_GCC_541\Debug\Cm0Start.o
 .ARM.attributes
                0x00000129       0x31 .\CortexM0\ARM_GCC_541\Debug\gas sensor.a(ADC.o)
 .ARM.attributes
                0x0000015a       0x31 .\CortexM0\ARM_GCC_541\Debug\gas sensor.a(ADC_INT.o)
 .ARM.attributes
                0x0000018b       0x31 .\CortexM0\ARM_GCC_541\Debug\gas sensor.a(UART.o)
 .ARM.attributes
                0x000001bc       0x31 .\CortexM0\ARM_GCC_541\Debug\gas sensor.a(UART_UART.o)
 .ARM.attributes
                0x000001ed       0x31 .\CortexM0\ARM_GCC_541\Debug\gas sensor.a(CyLib.o)
 .ARM.attributes
                0x0000021e       0x31 .\CortexM0\ARM_GCC_541\Debug\gas sensor.a(CyLFClk.o)
 .ARM.attributes
                0x0000024f       0x21 .\CortexM0\ARM_GCC_541\Debug\gas sensor.a(CyBootAsmGnu.o)
 .ARM.attributes
                0x00000270       0x31 .\CortexM0\ARM_GCC_541\Debug\gas sensor.a(UART_SPI_UART.o)
 .ARM.attributes
                0x000002a1       0x31 .\CortexM0\ARM_GCC_541\Debug\gas sensor.a(CyFlash.o)
 .ARM.attributes
                0x000002d2       0x1e c:/users/shahnaz/desktop/psoc creator/4.4/psoc creator/import/gnu/arm/5.4.1/bin/../lib/gcc/arm-none-eabi/5.4.1/armv6-m\libgcc.a(_udivsi3.o)
 .ARM.attributes
                0x000002f0       0x1e c:/users/shahnaz/desktop/psoc creator/4.4/psoc creator/import/gnu/arm/5.4.1/bin/../lib/gcc/arm-none-eabi/5.4.1/armv6-m\libgcc.a(_divsi3.o)
 .ARM.attributes
                0x0000030e       0x1e c:/users/shahnaz/desktop/psoc creator/4.4/psoc creator/import/gnu/arm/5.4.1/bin/../lib/gcc/arm-none-eabi/5.4.1/armv6-m\libgcc.a(_dvmd_tls.o)
 .ARM.attributes
                0x0000032c       0x1e c:/users/shahnaz/desktop/psoc creator/4.4/psoc creator/import/gnu/arm/5.4.1/bin/../lib/gcc/arm-none-eabi/5.4.1/armv6-m\libgcc.a(_aeabi_ldivmod.o)
 .ARM.attributes
                0x0000034a       0x2c c:/users/shahnaz/desktop/psoc creator/4.4/psoc creator/import/gnu/arm/5.4.1/bin/../lib/gcc/arm-none-eabi/5.4.1/armv6-m\libgcc.a(_muldi3.o)
 .ARM.attributes
                0x00000376       0x2c c:/users/shahnaz/desktop/psoc creator/4.4/psoc creator/import/gnu/arm/5.4.1/bin/../lib/gcc/arm-none-eabi/5.4.1/armv6-m\libgcc.a(bpabi.o)
 .ARM.attributes
                0x000003a2       0x2c c:/users/shahnaz/desktop/psoc creator/4.4/psoc creator/import/gnu/arm/5.4.1/bin/../lib/gcc/arm-none-eabi/5.4.1/armv6-m\libgcc.a(divsf3.o)
 .ARM.attributes
                0x000003ce       0x2c c:/users/shahnaz/desktop/psoc creator/4.4/psoc creator/import/gnu/arm/5.4.1/bin/../lib/gcc/arm-none-eabi/5.4.1/armv6-m\libgcc.a(mulsf3.o)
 .ARM.attributes
                0x000003fa       0x2c c:/users/shahnaz/desktop/psoc creator/4.4/psoc creator/import/gnu/arm/5.4.1/bin/../lib/gcc/arm-none-eabi/5.4.1/armv6-m\libgcc.a(floatsisf.o)
 .ARM.attributes
                0x00000426       0x1e c:/users/shahnaz/desktop/psoc creator/4.4/psoc creator/import/gnu/arm/5.4.1/bin/../lib/gcc/arm-none-eabi/5.4.1/armv6-m\libgcc.a(_clzsi2.o)
 .ARM.attributes
                0x00000444       0x2c c:/users/shahnaz/desktop/psoc creator/4.4/psoc creator/import/gnu/arm/5.4.1/bin/../lib/gcc/arm-none-eabi/5.4.1/armv6-m\libgcc.a(_divdi3.o)
 .ARM.attributes
                0x00000470       0x1e c:/users/shahnaz/desktop/psoc creator/4.4/psoc creator/import/gnu/arm/5.4.1/bin/../lib/gcc/arm-none-eabi/5.4.1/armv6-m\libgcc.a(_clzdi2.o)
 .ARM.attributes
                0x0000048e       0x2c c:/users/shahnaz/desktop/psoc creator/4.4/psoc creator/import/gnu/arm/5.4.1/bin/../lib/gcc/arm-none-eabi/5.4.1/../../../../arm-none-eabi/lib/armv6-m\libg_nano.a(lib_a-errno.o)
 .ARM.attributes
                0x000004ba       0x2c c:/users/shahnaz/desktop/psoc creator/4.4/psoc creator/import/gnu/arm/5.4.1/bin/../lib/gcc/arm-none-eabi/5.4.1/../../../../arm-none-eabi/lib/armv6-m\libg_nano.a(lib_a-exit.o)
 .ARM.attributes
                0x000004e6       0x2c c:/users/shahnaz/desktop/psoc creator/4.4/psoc creator/import/gnu/arm/5.4.1/bin/../lib/gcc/arm-none-eabi/5.4.1/../../../../arm-none-eabi/lib/armv6-m\libg_nano.a(lib_a-impure.o)
 .ARM.attributes
                0x00000512       0x2c c:/users/shahnaz/desktop/psoc creator/4.4/psoc creator/import/gnu/arm/5.4.1/bin/../lib/gcc/arm-none-eabi/5.4.1/../../../../arm-none-eabi/lib/armv6-m\libg_nano.a(lib_a-init.o)
 .ARM.attributes
                0x0000053e       0x2c c:/users/shahnaz/desktop/psoc creator/4.4/psoc creator/import/gnu/arm/5.4.1/bin/../lib/gcc/arm-none-eabi/5.4.1/../../../../arm-none-eabi/lib/armv6-m\libg_nano.a(lib_a-memcpy-stub.o)
 .ARM.attributes
                0x0000056a       0x2c c:/users/shahnaz/desktop/psoc creator/4.4/psoc creator/import/gnu/arm/5.4.1/bin/../lib/gcc/arm-none-eabi/5.4.1/../../../../arm-none-eabi/lib/armv6-m\libg_nano.a(lib_a-memset.o)
 .ARM.attributes
                0x00000596       0x2c c:/users/shahnaz/desktop/psoc creator/4.4/psoc creator/import/gnu/arm/5.4.1/bin/../lib/gcc/arm-none-eabi/5.4.1/../../../../arm-none-eabi/lib/armv6-m\libg_nano.a(lib_a-sprintf.o)
 .ARM.attributes
                0x000005c2       0x2c c:/users/shahnaz/desktop/psoc creator/4.4/psoc creator/import/gnu/arm/5.4.1/bin/../lib/gcc/arm-none-eabi/5.4.1/../../../../arm-none-eabi/lib/armv6-m\libg_nano.a(lib_a-nano-svfprintf.o)
 .ARM.attributes
                0x000005ee       0x2c c:/users/shahnaz/desktop/psoc creator/4.4/psoc creator/import/gnu/arm/5.4.1/bin/../lib/gcc/arm-none-eabi/5.4.1/../../../../arm-none-eabi/lib/armv6-m\libg_nano.a(lib_a-nano-vfprintf_i.o)
 .ARM.attributes
                0x0000061a       0x2c c:/users/shahnaz/desktop/psoc creator/4.4/psoc creator/import/gnu/arm/5.4.1/bin/../lib/gcc/arm-none-eabi/5.4.1/../../../../arm-none-eabi/lib/armv6-m\libg_nano.a(lib_a-memchr-stub.o)
 .ARM.attributes
                0x00000646       0x2c c:/users/shahnaz/desktop/psoc creator/4.4/psoc creator/import/gnu/arm/5.4.1/bin/../lib/gcc/arm-none-eabi/5.4.1/../../../../arm-none-eabi/lib/armv6-m\libg_nano.a(lib_a-memmove.o)
 .ARM.attributes
                0x00000672       0x2c c:/users/shahnaz/desktop/psoc creator/4.4/psoc creator/import/gnu/arm/5.4.1/bin/../lib/gcc/arm-none-eabi/5.4.1/../../../../arm-none-eabi/lib/armv6-m\libg_nano.a(lib_a-nano-freer.o)
 .ARM.attributes
                0x0000069e       0x2c c:/users/shahnaz/desktop/psoc creator/4.4/psoc creator/import/gnu/arm/5.4.1/bin/../lib/gcc/arm-none-eabi/5.4.1/../../../../arm-none-eabi/lib/armv6-m\libg_nano.a(lib_a-nano-mallocr.o)
 .ARM.attributes
                0x000006ca       0x2c c:/users/shahnaz/desktop/psoc creator/4.4/psoc creator/import/gnu/arm/5.4.1/bin/../lib/gcc/arm-none-eabi/5.4.1/../../../../arm-none-eabi/lib/armv6-m\libg_nano.a(lib_a-nano-reallocr.o)
 .ARM.attributes
                0x000006f6       0x2c c:/users/shahnaz/desktop/psoc creator/4.4/psoc creator/import/gnu/arm/5.4.1/bin/../lib/gcc/arm-none-eabi/5.4.1/../../../../arm-none-eabi/lib/armv6-m\libg_nano.a(lib_a-sbrkr.o)
 .ARM.attributes
                0x00000722       0x2c c:/users/shahnaz/desktop/psoc creator/4.4/psoc creator/import/gnu/arm/5.4.1/bin/../lib/gcc/arm-none-eabi/5.4.1/../../../../arm-none-eabi/lib/armv6-m\libg_nano.a(lib_a-mlock.o)
 .ARM.attributes
                0x0000074e       0x2c c:/users/shahnaz/desktop/psoc creator/4.4/psoc creator/import/gnu/arm/5.4.1/bin/../lib/gcc/arm-none-eabi/5.4.1/../../../../arm-none-eabi/lib/armv6-m\libg_nano.a(lib_a-nano-msizer.o)
 .ARM.attributes
                0x0000077a       0x2c c:/users/shahnaz/desktop/psoc creator/4.4/psoc creator/import/gnu/arm/5.4.1/bin/../lib/gcc/arm-none-eabi/5.4.1/../../../../arm-none-eabi/lib/armv6-m\libg_nano.a(lib_a-reent.o)
 .ARM.attributes
                0x000007a6       0x2c c:/users/shahnaz/desktop/psoc creator/4.4/psoc creator/import/gnu/arm/5.4.1/bin/../lib/gcc/arm-none-eabi/5.4.1/armv6-m/crtend.o
 .ARM.attributes
                0x000007d2       0x1e c:/users/shahnaz/desktop/psoc creator/4.4/psoc creator/import/gnu/arm/5.4.1/bin/../lib/gcc/arm-none-eabi/5.4.1/armv6-m/crtn.o

/DISCARD/
 *(.note.GNU-stack)
OUTPUT(C:\Users\shahnaz\Documents\GitHub\Science_Sensor_Board\testing_sensors\testing gas sensor\gas sensor.cydsn\CortexM0\ARM_GCC_541\Debug\gas sensor.elf elf32-littlearm)
